Component: ARM Compiler 5.05 update 1 (build 106) Tool: armlink [4d0efa]

==============================================================================

Section Cross References

    system_mkl25z4.o(.text) refers to uidiv.o(.text) for __aeabi_uidivmod
    system_mkl25z4.o(.text) refers to system_mkl25z4.o(i.__ARM_common_switch8) for __ARM_common_switch8
    system_mkl25z4.o(.text) refers to system_mkl25z4.o(.data) for .data
    startup_mkl25z4.o(RESET) refers to startup_mkl25z4.o(STACK) for __initial_sp
    startup_mkl25z4.o(RESET) refers to startup_mkl25z4.o(.text) for Reset_Handler
    startup_mkl25z4.o(RESET) refers to hal_cm1.o(.emb_text) for SVC_Handler
    startup_mkl25z4.o(RESET) refers to dma.o(.text) for DMA0_IRQHandler
    startup_mkl25z4.o(RESET) refers to timers.o(.text) for TPM0_IRQHandler
    startup_mkl25z4.o(.text) refers to system_mkl25z4.o(.text) for SystemInit
    startup_mkl25z4.o(.text) refers to entry.o(.ARM.Collect$$$$00000000) for __main
    main.o(.text) refers to tasks.o(.text) for Init_Debug_Signals
    main.o(.text) refers to leds.o(.text) for Init_RGB_LEDs
    main.o(.text) refers to sound.o(.text) for Sound_Init
    main.o(.text) refers to tft_lcd.o(.text) for TFT_Init
    main.o(.text) refers to tft_text.o(.text) for TFT_Text_Init
    main.o(.text) refers to printf6.o(i.__0sprintf$6) for __2sprintf
    main.o(.text) refers to i2c.o(.text) for i2c_init
    main.o(.text) refers to mma8451.o(.text) for init_mma
    main.o(.text) refers to delay.o(.text) for Delay
    main.o(.text) refers to hal_cm1.o(.emb_text) for os_set_env
    main.o(.text) refers to rt_task.o(i.rt_sys_init) for rt_sys_init
    timers.o(.text) refers to profile.o(.data) for profiling_enabled
    timers.o(.text) refers to timers.o(.data) for .data
    timers.o(.text) refers to profile.o(.data) for profile_ticks
    timers.o(.text) refers to region.o(.constdata) for NumProfileRegions
    timers.o(.text) refers to region.o(.constdata) for RegionTable
    timers.o(.text) refers to region.o(.bss) for RegionCount
    timers.o(.text) refers to profile.o(.data) for adx_lost
    timers.o(.text) refers to profile.o(.data) for num_lost
    profile.o(.text) refers to timers.o(.text) for PIT_Init
    profile.o(.text) refers to uidiv.o(.text) for __aeabi_uidivmod
    profile.o(.text) refers to printf6.o(i.__0snprintf$6) for __2snprintf
    profile.o(.text) refers to tft_text.o(.text) for TFT_Text_PrintStr
    profile.o(.text) refers to region.o(.bss) for RegionCount
    profile.o(.text) refers to region.o(.constdata) for NumProfileRegions
    profile.o(.text) refers to profile.o(.data) for .data
    profile.o(.text) refers to region.o(.bss) for SortedRegions
    profile.o(.text) refers to tft_text.o(.data) for G_TFT_char_height
    profile.o(.text) refers to region.o(.constdata) for RegionTable
    sound.o(.text) refers to dfltui.o(.text) for __aeabi_ui2d
    sound.o(.text) refers to dmul.o(.text) for __aeabi_dmul
    sound.o(.text) refers to d2f.o(.text) for __aeabi_d2f
    sound.o(.text) refers to sinf.o(i.sinf) for sinf
    sound.o(.text) refers to fadd.o(.text) for __aeabi_fadd
    sound.o(.text) refers to fmul.o(.text) for __aeabi_fmul
    sound.o(.text) refers to ffixui.o(.text) for __aeabi_f2uiz
    sound.o(.text) refers to f2d.o(.text) for __aeabi_f2d
    sound.o(.text) refers to ffltui.o(.text) for __aeabi_ui2f
    sound.o(.text) refers to fscalb.o(.text) for __ARM_scalbnf
    sound.o(.text) refers to dadd.o(.text) for __aeabi_drsub
    sound.o(.text) refers to dfixui.o(.text) for __aeabi_d2uiz
    sound.o(.text) refers to dma.o(.text) for DMA_Init
    sound.o(.text) refers to timers.o(.text) for TPM0_Init
    sound.o(.text) refers to idiv.o(.text) for __aeabi_idivmod
    sound.o(.text) refers to delay.o(.text) for Delay
    sound.o(.text) refers to sound.o(.bss) for .bss
    sound.o(.text) refers to sound.o(.data) for .data
    sound.o(.text) refers to rt_time.o(i.rt_itv_set) for rt_itv_set
    sound.o(.text) refers to rt_time.o(i.rt_itv_wait) for rt_itv_wait
    sound.o(.text) refers to rt_event.o(i.rt_evt_wait) for rt_evt_wait
    tasks.o(.text) refers to fflti.o(.text) for __aeabi_i2f
    tasks.o(.text) refers to malloc.o(i.free) for free
    tasks.o(.text) refers to uidiv.o(.text) for __aeabi_uidivmod
    tasks.o(.text) refers to tft_text.o(.text) for TFT_Text_PrintStr_RC
    tasks.o(.text) refers to printf6.o(i.__0sprintf$6) for __2sprintf
    tasks.o(.text) refers to memcpya.o(.text) for __aeabi_memcpy4
    tasks.o(.text) refers to tft_lcd.o(.text) for TFT_Fill_Rectangle
    tasks.o(.text) refers to fadd.o(.text) for __aeabi_fadd
    tasks.o(.text) refers to ffixi.o(.text) for __aeabi_f2iz
    tasks.o(.text) refers to rand.o(.text) for rand
    tasks.o(.text) refers to idiv.o(.text) for __aeabi_idivmod
    tasks.o(.text) refers to malloc.o(i.malloc) for malloc
    tasks.o(.text) refers to mma8451.o(.text) for read_full_xyz
[...]
    entry2.o(__vectab_stack_and_reset_area) refers to startup_mkl25z4.o(STACK) for __initial_sp
    entry2.o(__vectab_stack_and_reset_area) refers to entry.o(.ARM.Collect$$$$00000000) for __main
    entry5.o(.ARM.Collect$$$$00000004) refers to init.o(.text) for __scatterload
    entry9a.o(.ARM.Collect$$$$0000000B) refers to main.o(.text) for main
    entry9b.o(.ARM.Collect$$$$0000000C) refers to main.o(.text) for main
    fputc.o(i.fputc) refers (Special) to iusesemip.o(.text) for __I$use$semihosting$fputc
    fputc.o(i.fputc) refers (Special) to semi.o(.text) for __semihosting_library_function
    uldiv.o(.text) refers to llushr.o(.text) for __aeabi_llsr
    uldiv.o(.text) refers to llshl.o(.text) for __aeabi_llsl
    errno.o(i.__aeabi_errno_addr) refers to errno.o(.data) for .data
    errno.o(i.__read_errno) refers to errno.o(.data) for .data
    errno.o(i.__set_errno) refers to errno.o(.data) for .data
    frnd.o(.text) refers to fepilogue.o(.text) for _float_round
    depilogue.o(.text) refers to depilogue.o(i.__ARM_clz) for __ARM_clz
    depilogue.o(.text) refers to llshl.o(.text) for __aeabi_llsl
    depilogue.o(.text) refers to llushr.o(.text) for __aeabi_llsr
    ddiv.o(.text) refers to depilogue.o(.text) for _double_round
    dfixul.o(.text) refers to llushr.o(.text) for __aeabi_llsr
    dfixul.o(.text) refers to llshl.o(.text) for __aeabi_llsl
    init.o(.text) refers to entry5.o(.ARM.Collect$$$$00000004) for __main_after_scatterload
    rredf.o(i.__ARM_common_ll_muluu) refers (Special) to iusefp.o(.text) for __I$use$fp


==============================================================================

Removing Unused input sections from the image.

    Removing system_mkl25z4.o(.rev16_text), (4 bytes).
    Removing system_mkl25z4.o(.revsh_text), (4 bytes).
    Removing main.o(.rev16_text), (4 bytes).
    Removing main.o(.revsh_text), (4 bytes).
    Removing leds.o(.rev16_text), (4 bytes).
    Removing leds.o(.revsh_text), (4 bytes).
    Removing timers.o(.rev16_text), (4 bytes).
    Removing timers.o(.revsh_text), (4 bytes).
    Removing timers.o(.data), (4 bytes).
    Removing timers.o(.data), (4 bytes).
    Removing delay.o(.rev16_text), (4 bytes).
    Removing delay.o(.revsh_text), (4 bytes).
    Removing profile.o(.rev16_text), (4 bytes).
    Removing profile.o(.revsh_text), (4 bytes).
    Removing profile.o(.text), (320 bytes).
    Removing region.o(.bss), (420 bytes).
    Removing lucida_8x13.o(.constdata), (1640 bytes).
    Removing lucida_20x31.o(.constdata), (8762 bytes).
    Removing rtx_config.o(.constdata), (4 bytes).
    Removing sound.o(.rev16_text), (4 bytes).
    Removing sound.o(.revsh_text), (4 bytes).
    Removing tasks.o(.rev16_text), (4 bytes).
    Removing tasks.o(.revsh_text), (4 bytes).
    Removing tasks.o(.bss), (16 bytes).
    Removing i2c.o(.rev16_text), (4 bytes).
    Removing i2c.o(.revsh_text), (4 bytes).
    Removing dma.o(.rev16_text), (4 bytes).
    Removing dma.o(.revsh_text), (4 bytes).
    Removing mma8451.o(.rev16_text), (4 bytes).
    Removing mma8451.o(.revsh_text), (4 bytes).
    Removing tft_lcd.o(.rev16_text), (4 bytes).
    Removing tft_lcd.o(.revsh_text), (4 bytes).
    Removing tft_text.o(.constdata), (3 bytes).
    Removing tft_text.o(.constdata), (3 bytes).
    Removing tft_text.o(.data), (8 bytes).
    Removing rt_task.o(i.rt_tsk_pass), (44 bytes).
    Removing rt_task.o(i.rt_tsk_prio), (144 bytes).
    Removing rt_task.o(i.rt_tsk_self), (16 bytes).
    Removing rt_event.o(i.rt_evt_clr), (28 bytes).
    Removing rt_mailbox.o(i.isr_mbx_receive), (74 bytes).
    Removing rt_mailbox.o(i.isr_mbx_send), (12 bytes).
    Removing rt_mailbox.o(i.rt_mbx_check), (8 bytes).
    Removing rt_time.o(i.rt_dly_wait), (10 bytes).
    Removing rt_time.o(i.rt_time_get), (12 bytes).
    Removing rt_system.o(.emb_text), (0 bytes).
    Removing rt_system.o(i.rt_resume), (176 bytes).
    Removing rt_system.o(i.rt_suspend), (52 bytes).
    Removing rt_system.o(i.rt_tsk_lock), (84 bytes).
    Removing rt_system.o(i.rt_tsk_unlock), (84 bytes).
    Removing rt_list.o(i.rt_get_same_rdy_prio), (36 bytes).
    Removing rt_membox.o(i._calloc_box), (32 bytes).
    Removing rt_semaphore.o(i.isr_sem_send), (14 bytes).
    Removing rt_semaphore.o(i.rt_sem_init), (12 bytes).
    Removing rt_semaphore.o(i.rt_sem_send), (60 bytes).
    Removing rt_semaphore.o(i.rt_sem_wait), (68 bytes).
    Removing rt_timer.o(i.rt_tmr_create), (80 bytes).
    Removing rt_timer.o(i.rt_tmr_kill), (52 bytes).
    Removing rt_robin.o(i.rt_chk_robin), (68 bytes).
    Removing rt_robin.o(i.rt_init_robin), (24 bytes).
    Removing rt_robin.o(.data), (8 bytes).
    Removing ddiv.o(.text), (240 bytes).
    Removing dfixul.o(.text), (64 bytes).
    Removing cdrcmple.o(.text), (40 bytes).

63 unused section(s) (total 12822 bytes) removed from the image.

==============================================================================

Image Symbol Table

    Local Symbols

    Symbol Name                              Value     Ov Type        Size  Object(Section)

    RESET                                    0x00000000   Section      192  startup_mkl25z4.o(RESET)
    ../clib/microlib/division.c              0x00000000   Number         0  uldiv.o ABSOLUTE
    ../clib/microlib/division.c              0x00000000   Number         0  uidiv.o ABSOLUTE
    ../clib/microlib/division.c              0x00000000   Number         0  idiv.o ABSOLUTE
    ../clib/microlib/errno.c                 0x00000000   Number         0  errno.o ABSOLUTE
    ../clib/microlib/init/entry.s            0x00000000   Number         0  entry11b.o ABSOLUTE
    ../clib/microlib/init/entry.s            0x00000000   Number         0  entry11a.o ABSOLUTE
    ../clib/microlib/init/entry.s            0x00000000   Number         0  entry.o ABSOLUTE
    ../clib/microlib/init/entry.s            0x00000000   Number         0  entry10b.o ABSOLUTE
    ../clib/microlib/init/entry.s            0x00000000   Number         0  entry8b.o ABSOLUTE
    ../clib/microlib/init/entry.s            0x00000000   Number         0  entry10a.o ABSOLUTE
    ../clib/microlib/init/entry.s            0x00000000   Number         0  entry9b.o ABSOLUTE
    ../clib/microlib/init/entry.s            0x00000000   Number         0  entry8a.o ABSOLUTE
    ../clib/microlib/init/entry.s            0x00000000   Number         0  entry2.o ABSOLUTE
    ../clib/microlib/init/entry.s            0x00000000   Number         0  entry7a.o ABSOLUTE
    ../clib/microlib/init/entry.s            0x00000000   Number         0  entry7b.o ABSOLUTE
    ../clib/microlib/init/entry.s            0x00000000   Number         0  entry9a.o ABSOLUTE
    ../clib/microlib/init/entry.s            0x00000000   Number         0  entry5.o ABSOLUTE
    ../clib/microlib/longlong.c              0x00000000   Number         0  llsshr.o ABSOLUTE
    ../clib/microlib/longlong.c              0x00000000   Number         0  llushr.o ABSOLUTE
    ../clib/microlib/longlong.c              0x00000000   Number         0  llshl.o ABSOLUTE
    ../clib/microlib/malloc/malloc.c         0x00000000   Number         0  mallocra.o ABSOLUTE
    ../clib/microlib/malloc/malloc.c         0x00000000   Number         0  malloca.o ABSOLUTE
    ../clib/microlib/malloc/malloc.c         0x00000000   Number         0  mallocr.o ABSOLUTE
    ../clib/microlib/malloc/malloc.c         0x00000000   Number         0  malloc.o ABSOLUTE
    ../clib/microlib/malloc/mvars.c          0x00000000   Number         0  mvars.o ABSOLUTE
    ../clib/microlib/printf/printf.c         0x00000000   Number         0  printf7.o ABSOLUTE
    ../clib/microlib/printf/printf.c         0x00000000   Number         0  printfb.o ABSOLUTE
    ../clib/microlib/printf/printf.c         0x00000000   Number         0  printf0.o ABSOLUTE
    ../clib/microlib/printf/printf.c         0x00000000   Number         0  printf1.o ABSOLUTE
    ../clib/microlib/printf/printf.c         0x00000000   Number         0  printf8.o ABSOLUTE
    ../clib/microlib/printf/printf.c         0x00000000   Number         0  printf2.o ABSOLUTE
    ../clib/microlib/printf/printf.c         0x00000000   Number         0  printfa.o ABSOLUTE
    ../clib/microlib/printf/printf.c         0x00000000   Number         0  printf3.o ABSOLUTE
    ../clib/microlib/printf/printf.c         0x00000000   Number         0  printf4.o ABSOLUTE
    ../clib/microlib/printf/printf.c         0x00000000   Number         0  printf5.o ABSOLUTE
    ../clib/microlib/printf/printf.c         0x00000000   Number         0  printf6.o ABSOLUTE
    ../clib/microlib/printf/stubs.s          0x00000000   Number         0  stubs.o ABSOLUTE
    ../clib/microlib/stdio/fputc.c           0x00000000   Number         0  fputc.o ABSOLUTE
    ../clib/microlib/stdio/semi.s            0x00000000   Number         0  semi.o ABSOLUTE
    ../clib/microlib/stdio/streams.c         0x00000000   Number         0  stdout.o ABSOLUTE
    ../clib/microlib/stdlib/rand.c           0x00000000   Number         0  rand.o ABSOLUTE
    ../clib/microlib/string/memcpy.c         0x00000000   Number         0  memcpya.o ABSOLUTE
    ../clib/microlib/string/memcpy.c         0x00000000   Number         0  memcpyb.o ABSOLUTE
    ../clib/microlib/stubs.s                 0x00000000   Number         0  iusesemip.o ABSOLUTE
    ../clib/microlib/stubs.s                 0x00000000   Number         0  iusefp.o ABSOLUTE
    ../fplib/microlib/d2f.c                  0x00000000   Number         0  d2f.o ABSOLUTE
    ../fplib/microlib/f2d.c                  0x00000000   Number         0  f2d.o ABSOLUTE
    ../fplib/microlib/fpadd.c                0x00000000   Number         0  fadd.o ABSOLUTE
    ../fplib/microlib/fpadd.c                0x00000000   Number         0  dadd.o ABSOLUTE
    ../fplib/microlib/fpdiv.c                0x00000000   Number         0  ddiv.o ABSOLUTE
    ../fplib/microlib/fpdiv.c                0x00000000   Number         0  fdiv.o ABSOLUTE
    ../fplib/microlib/fpepilogue.c           0x00000000   Number         0  fepilogue.o ABSOLUTE
    ../fplib/microlib/fpepilogue.c           0x00000000   Number         0  depilogue.o ABSOLUTE
    ../fplib/microlib/fpfix.c                0x00000000   Number         0  dfixul.o ABSOLUTE
    ../fplib/microlib/fpfix.c                0x00000000   Number         0  ffixi.o ABSOLUTE
    ../fplib/microlib/fpfix.c                0x00000000   Number         0  dfixui.o ABSOLUTE
    ../fplib/microlib/fpfix.c                0x00000000   Number         0  ffixui.o ABSOLUTE
    ../fplib/microlib/fpflt.c                0x00000000   Number         0  dfltui.o ABSOLUTE
    ../fplib/microlib/fpflt.c                0x00000000   Number         0  ffltui.o ABSOLUTE
    ../fplib/microlib/fpflt.c                0x00000000   Number         0  fflti.o ABSOLUTE
    ../fplib/microlib/fpmul.c                0x00000000   Number         0  dmul.o ABSOLUTE
    ../fplib/microlib/fpmul.c                0x00000000   Number         0  fmul.o ABSOLUTE
    ../fplib/microlib/fprnd.c                0x00000000   Number         0  frnd.o ABSOLUTE
    ../fplib/microlib/fpscalb.c              0x00000000   Number         0  fscalb.o ABSOLUTE
    ../mathlib/fpclassifyf.c                 0x00000000   Number         0  fpclassifyf.o ABSOLUTE
    ../mathlib/funder.c                      0x00000000   Number         0  funder.o ABSOLUTE
    ../mathlib/rredf.c                       0x00000000   Number         0  rredf.o ABSOLUTE
    ../mathlib/sinf.c                        0x00000000   Number         0  sinf_x.o ABSOLUTE
    ../mathlib/sinf.c                        0x00000000   Number         0  sinf.o ABSOLUTE
    SRC\CM\HAL_CM1.c                         0x00000000   Number         0  hal_cm1.o ABSOLUTE
    SRC\CM\SVC_Table.s                       0x00000000   Number         0  svc_table.o ABSOLUTE
    SRC\CM\rt_Event.c                        0x00000000   Number         0  rt_event.o ABSOLUTE
    SRC\CM\rt_List.c                         0x00000000   Number         0  rt_list.o ABSOLUTE
    SRC\CM\rt_Mailbox.c                      0x00000000   Number         0  rt_mailbox.o ABSOLUTE
    SRC\CM\rt_MemBox.c                       0x00000000   Number         0  rt_membox.o ABSOLUTE
    SRC\CM\rt_Mutex.c                        0x00000000   Number         0  rt_mutex.o ABSOLUTE
    SRC\CM\rt_Robin.c                        0x00000000   Number         0  rt_robin.o ABSOLUTE
    SRC\CM\rt_Semaphore.c                    0x00000000   Number         0  rt_semaphore.o ABSOLUTE
    SRC\CM\rt_System.c                       0x00000000   Number         0  rt_system.o ABSOLUTE
    SRC\CM\rt_Task.c                         0x00000000   Number         0  rt_task.o ABSOLUTE
    SRC\CM\rt_Time.c                         0x00000000   Number         0  rt_time.o ABSOLUTE
    SRC\CM\rt_Timer.c                        0x00000000   Number         0  rt_timer.o ABSOLUTE
    SRC\\CM\\HAL_CM1.c                       0x00000000   Number         0  hal_cm1.o ABSOLUTE
    SRC\\CM\\rt_System.c                     0x00000000   Number         0  rt_system.o ABSOLUTE
    asm\startup_MKL25Z4.s                    0x00000000   Number         0  startup_mkl25z4.o ABSOLUTE
    cdrcmple.s                               0x00000000   Number         0  cdrcmple.o ABSOLUTE
    dc.s                                     0x00000000   Number         0  dc.o ABSOLUTE
    handlers.s                               0x00000000   Number         0  handlers.o ABSOLUTE
    init.s                                   0x00000000   Number         0  init.o ABSOLUTE
    src\DMA.c                                0x00000000   Number         0  dma.o ABSOLUTE
    src\I2C.c                                0x00000000   Number         0  i2c.o ABSOLUTE
    src\LEDs.c                               0x00000000   Number         0  leds.o ABSOLUTE
    src\MMA8451.c                            0x00000000   Number         0  mma8451.o ABSOLUTE
    src\RTX_Config.c                         0x00000000   Number         0  rtx_config.o ABSOLUTE
    src\TFT_graphics.c                       0x00000000   Number         0  tft_graphics.o ABSOLUTE
    src\TFT_lcd.c                            0x00000000   Number         0  tft_lcd.o ABSOLUTE
    src\TFT_text.c                           0x00000000   Number         0  tft_text.o ABSOLUTE
    src\\DMA.c                               0x00000000   Number         0  dma.o ABSOLUTE
    src\\I2C.c                               0x00000000   Number         0  i2c.o ABSOLUTE
    src\\LEDs.c                              0x00000000   Number         0  leds.o ABSOLUTE
    src\\MMA8451.c                           0x00000000   Number         0  mma8451.o ABSOLUTE
    src\\TFT_lcd.c                           0x00000000   Number         0  tft_lcd.o ABSOLUTE
    src\\delay.c                             0x00000000   Number         0  delay.o ABSOLUTE
    src\\main.c                              0x00000000   Number         0  main.o ABSOLUTE
    src\\profile.c                           0x00000000   Number         0  profile.o ABSOLUTE
    src\\sound.c                             0x00000000   Number         0  sound.o ABSOLUTE
    src\\system_MKL25Z4.c                    0x00000000   Number         0  system_mkl25z4.o ABSOLUTE
    src\\tasks.c                             0x00000000   Number         0  tasks.o ABSOLUTE
    src\\timers.c                            0x00000000   Number         0  timers.o ABSOLUTE
    src\delay.c                              0x00000000   Number         0  delay.o ABSOLUTE
    src\lucida_12x19.c                       0x00000000   Number         0  lucida_12x19.o ABSOLUTE
    src\lucida_20x31.c                       0x00000000   Number         0  lucida_20x31.o ABSOLUTE
    src\lucida_8x13.c                        0x00000000   Number         0  lucida_8x13.o ABSOLUTE
    src\main.c                               0x00000000   Number         0  main.o ABSOLUTE
    src\profile.c                            0x00000000   Number         0  profile.o ABSOLUTE
    src\region.c                             0x00000000   Number         0  region.o ABSOLUTE
    src\sound.c                              0x00000000   Number         0  sound.o ABSOLUTE
    src\system_MKL25Z4.c                     0x00000000   Number         0  system_mkl25z4.o ABSOLUTE
    src\tasks.c                              0x00000000   Number         0  tasks.o ABSOLUTE
    src\timers.c                             0x00000000   Number         0  timers.o ABSOLUTE
    .ARM.Collect$$$$00000000                 0x000000c0   Section        0  entry.o(.ARM.Collect$$$$00000000)
    .ARM.Collect$$$$00000001                 0x000000c0   Section        4  entry2.o(.ARM.Collect$$$$00000001)
    .ARM.Collect$$$$00000004                 0x000000c4   Section        4  entry5.o(.ARM.Collect$$$$00000004)
    .ARM.Collect$$$$00000008                 0x000000c8   Section        0  entry7b.o(.ARM.Collect$$$$00000008)
    .ARM.Collect$$$$0000000A                 0x000000c8   Section        0  entry8b.o(.ARM.Collect$$$$0000000A)
    .ARM.Collect$$$$0000000B                 0x000000c8   Section        8  entry9a.o(.ARM.Collect$$$$0000000B)
    .ARM.Collect$$$$0000000D                 0x000000d0   Section        0  entry10a.o(.ARM.Collect$$$$0000000D)
    .ARM.Collect$$$$0000000F                 0x000000d0   Section        0  entry11a.o(.ARM.Collect$$$$0000000F)
    .ARM.Collect$$$$00002712                 0x000000d0   Section        4  entry2.o(.ARM.Collect$$$$00002712)
    __lit__00000000                          0x000000d0   Data           4  entry2.o(.ARM.Collect$$$$00002712)
    .emb_text                                0x000000d4   Section      392  hal_cm1.o(.emb_text)
    .text                                    0x0000025c   Section        0  system_mkl25z4.o(.text)
    .text                                    0x000003f4   Section        0  rtx_config.o(.text)
    .text                                    0x000003fe   Section        0  iusefp.o(.text)
    i.__scatterload_null                     0x000003fe   Section        2  handlers.o(i.__scatterload_null)
    .ARM.__at_0x400                          0x00000400   Section       16  startup_mkl25z4.o(.ARM.__at_0x400)
    .text                                    0x00000410   Section       28  startup_mkl25z4.o(.text)
    .text                                    0x0000042c   Section        0  main.o(.text)
    .text                                    0x000004c0   Section        0  leds.o(.text)
    .text                                    0x00000558   Section        0  timers.o(.text)
    .text                                    0x000007ac   Section        0  delay.o(.text)
    .text                                    0x000007dc   Section        0  sound.o(.text)
    .text                                    0x00000a60   Section        0  tasks.o(.text)
    .text                                    0x00000fb4   Section        0  i2c.o(.text)
    .text                                    0x00001110   Section        0  dma.o(.text)
    .text                                    0x000011f0   Section        0  mma8451.o(.text)
    .text                                    0x000013c8   Section        0  tft_graphics.o(.text)
    .text                                    0x0000169c   Section        0  tft_lcd.o(.text)
    .text                                    0x00001f9c   Section        0  tft_text.o(.text)
    .text                                    0x00002204   Section        0  uidiv.o(.text)
    .text                                    0x00002230   Section        0  idiv.o(.text)
    .text                                    0x00002258   Section        0  rand.o(.text)
    .text                                    0x0000227c   Section        0  memcpya.o(.text)
    .text                                    0x000022a0   Section        0  fadd.o(.text)
    .text                                    0x00002352   Section        0  fmul.o(.text)
    .text                                    0x000023cc   Section        0  fdiv.o(.text)
    .text                                    0x00002448   Section        0  fscalb.o(.text)
    .text                                    0x00002460   Section        0  dadd.o(.text)
    .text                                    0x000025c4   Section        0  dmul.o(.text)
    .text                                    0x00002694   Section        0  fflti.o(.text)
    .text                                    0x000026aa   Section        0  ffltui.o(.text)
    .text                                    0x000026b8   Section        0  dfltui.o(.text)
    .text                                    0x000026d4   Section        0  ffixi.o(.text)
    .text                                    0x00002706   Section        0  ffixui.o(.text)
    .text                                    0x00002730   Section        0  dfixui.o(.text)
    .text                                    0x0000276c   Section        0  f2d.o(.text)
    .text                                    0x00002794   Section        0  d2f.o(.text)
    .text                                    0x000027cc   Section        0  llshl.o(.text)
    .text                                    0x000027ec   Section        0  llushr.o(.text)
    .text                                    0x0000280e   Section        0  llsshr.o(.text)
    .text                                    0x00002834   Section        0  fepilogue.o(.text)
    .text                                    0x000028b6   Section        0  frnd.o(.text)
    .text                                    0x000028f4   Section        0  depilogue.o(.text)
    .text                                    0x000029b4   Section       36  init.o(.text)
    SVC_TABLE                                0x000029d8   Section        4  svc_table.o(SVC_TABLE)
    i.__0sprintf$6                           0x000029dc   Section        0  printf6.o(i.__0sprintf$6)
    i.__ARM_clz                              0x00002a04   Section        0  depilogue.o(i.__ARM_clz)
    i.__ARM_common_ll_muluu                  0x00002a32   Section        0  rredf.o(i.__ARM_common_ll_muluu)
    i.__ARM_common_switch8                   0x00002a64   Section        0  system_mkl25z4.o(i.__ARM_common_switch8)
    i.__ARM_fpclassifyf                      0x00002a7e   Section        0  fpclassifyf.o(i.__ARM_fpclassifyf)
    i.__mathlib_flt_infnan                   0x00002aa0   Section        0  funder.o(i.__mathlib_flt_infnan)
    i.__mathlib_flt_invalid                  0x00002aaa   Section        0  funder.o(i.__mathlib_flt_invalid)
    i.__mathlib_flt_underflow                0x00002ab6   Section        0  funder.o(i.__mathlib_flt_underflow)
    i.__mathlib_rredf2                       0x00002ac4   Section        0  rredf.o(i.__mathlib_rredf2)
    i.__scatterload_copy                     0x00002c44   Section       14  handlers.o(i.__scatterload_copy)
    i.__scatterload_zeroinit                 0x00002c52   Section       14  handlers.o(i.__scatterload_zeroinit)
    i.__set_errno                            0x00002c60   Section        0  errno.o(i.__set_errno)
    i._init_box                              0x00002c6c   Section        0  rt_membox.o(i._init_box)
    i._printf_core                           0x00002cb4   Section        0  printf6.o(i._printf_core)
    _printf_core                             0x00002cb5   Thumb Code   768  printf6.o(i._printf_core)
    i._printf_post_padding                   0x00002fb8   Section        0  printf6.o(i._printf_post_padding)
    _printf_post_padding                     0x00002fb9   Thumb Code    32  printf6.o(i._printf_post_padding)
    i._printf_pre_padding                    0x00002fd8   Section        0  printf6.o(i._printf_pre_padding)
    _printf_pre_padding                      0x00002fd9   Thumb Code    44  printf6.o(i._printf_pre_padding)
    i._sputc                                 0x00003004   Section        0  printf6.o(i._sputc)
    _sputc                                   0x00003005   Thumb Code    10  printf6.o(i._sputc)
    i.free                                   0x00003010   Section        0  malloc.o(i.free)
    i.isr_evt_set                            0x00003064   Section        0  rt_event.o(i.isr_evt_set)
    i.malloc                                 0x00003088   Section        0  malloc.o(i.malloc)
    i.os_tick_init                           0x000030f4   Section        0  rt_system.o(i.os_tick_init)
    i.os_tick_irqack                         0x00003120   Section        0  rt_system.o(i.os_tick_irqack)
    i.rt_alloc_box                           0x00003122   Section        0  rt_membox.o(i.rt_alloc_box)
    i.rt_block                               0x00003140   Section        0  rt_task.o(i.rt_block)
    i.rt_dec_dly                             0x00003178   Section        0  rt_list.o(i.rt_dec_dly)
    i.rt_dispatch                            0x000031f0   Section        0  rt_task.o(i.rt_dispatch)
    i.rt_evt_get                             0x00003230   Section        0  rt_event.o(i.rt_evt_get)
    i.rt_evt_psh                             0x0000323c   Section        0  rt_event.o(i.rt_evt_psh)
    i.rt_evt_set                             0x00003288   Section        0  rt_event.o(i.rt_evt_set)
    i.rt_evt_wait                            0x000032e4   Section        0  rt_event.o(i.rt_evt_wait)
    i.rt_free_box                            0x00003324   Section        0  rt_membox.o(i.rt_free_box)
    i.rt_get_first                           0x0000334a   Section        0  rt_list.o(i.rt_get_first)
    i.rt_init_context                        0x00003374   Section        0  rt_task.o(i.rt_init_context)
    rt_init_context                          0x00003375   Thumb Code    68  rt_task.o(i.rt_init_context)
    i.rt_init_stack                          0x000033bc   Section        0  hal_cm1.o(i.rt_init_stack)
    i.rt_itv_set                             0x00003408   Section        0  rt_time.o(i.rt_itv_set)
    i.rt_itv_wait                            0x00003420   Section        0  rt_time.o(i.rt_itv_wait)
    i.rt_mbx_init                            0x0000344c   Section        0  rt_mailbox.o(i.rt_mbx_init)
    i.rt_mbx_psh                             0x0000346c   Section        0  rt_mailbox.o(i.rt_mbx_psh)
    i.rt_mbx_send                            0x00003520   Section        0  rt_mailbox.o(i.rt_mbx_send)
    i.rt_mbx_wait                            0x000035c0   Section        0  rt_mailbox.o(i.rt_mbx_wait)
    i.rt_mut_init                            0x00003670   Section        0  rt_mutex.o(i.rt_mut_init)
    i.rt_mut_release                         0x00003680   Section        0  rt_mutex.o(i.rt_mut_release)
    i.rt_mut_wait                            0x00003764   Section        0  rt_mutex.o(i.rt_mut_wait)
    i.rt_pop_req                             0x000037d4   Section        0  rt_system.o(i.rt_pop_req)
    i.rt_psh_req                             0x00003844   Section        0  rt_system.o(i.rt_psh_req)
    i.rt_psq_enq                             0x00003864   Section        0  rt_list.o(i.rt_psq_enq)
    i.rt_put_dly                             0x000038a4   Section        0  rt_list.o(i.rt_put_dly)
    i.rt_put_prio                            0x000038f4   Section        0  rt_list.o(i.rt_put_prio)
    i.rt_put_rdy_first                       0x00003930   Section        0  rt_list.o(i.rt_put_rdy_first)
    i.rt_resort_prio                         0x00003944   Section        0  rt_list.o(i.rt_resort_prio)
    i.rt_rmv_dly                             0x00003974   Section        0  rt_list.o(i.rt_rmv_dly)
    i.rt_rmv_list                            0x000039a0   Section        0  rt_list.o(i.rt_rmv_list)
    i.rt_sem_psh                             0x000039d4   Section        0  rt_semaphore.o(i.rt_sem_psh)
    i.rt_stk_check                           0x00003a08   Section        0  rt_system.o(i.rt_stk_check)
    i.rt_switch_req                          0x00003a30   Section        0  rt_task.o(i.rt_switch_req)
    i.rt_sys_init                            0x00003a40   Section        0  rt_task.o(i.rt_sys_init)
    i.rt_systick                             0x00003b78   Section        0  rt_system.o(i.rt_systick)
    i.rt_tmr_tick                            0x00003bb4   Section        0  rt_timer.o(i.rt_tmr_tick)
    i.rt_tsk_create                          0x00003bf4   Section        0  rt_task.o(i.rt_tsk_create)
    i.rt_tsk_delete                          0x00003c70   Section        0  rt_task.o(i.rt_tsk_delete)
    i.sinf                                   0x00003db0   Section        0  sinf.o(i.sinf)
    .constdata                               0x00003f34   Section     3360  region.o(.constdata)
    .constdata                               0x00004c54   Section        4  region.o(.constdata)
    .constdata                               0x00004c58   Section     3831  lucida_12x19.o(.constdata)
    .constdata                               0x00005b50   Section        2  rtx_config.o(.constdata)
    .constdata                               0x00005b54   Section        4  rtx_config.o(.constdata)
    .constdata                               0x00005b58   Section        4  rtx_config.o(.constdata)
    .constdata                               0x00005b5c   Section        1  rtx_config.o(.constdata)
    .constdata                               0x00005b60   Section        8  rtx_config.o(.constdata)
    __tagsym$$used                           0x00005b60   Number         0  rtx_config.o(.constdata)
    __tagsym$$used                           0x00005b64   Number         0  rtx_config.o(.constdata)
    .constdata                               0x00005b68   Section        2  rtx_config.o(.constdata)
    .constdata                               0x00005b6c   Section        4  rtx_config.o(.constdata)
    .constdata                               0x00005b70   Section        1  rtx_config.o(.constdata)
    .constdata                               0x00005b72   Section        2  rtx_config.o(.constdata)
    .constdata                               0x00005b74   Section      100  tasks.o(.constdata)
    .constdata                               0x00005bd8   Section        4  rt_system.o(.constdata)
    __tagsym$$used                           0x00005bd8   Number         0  rt_system.o(.constdata)
    .constdata                               0x00005bdc   Section       32  rredf.o(.constdata)
    twooverpi                                0x00005bdc   Data          32  rredf.o(.constdata)
    .data                                    0x20000000   Section        4  system_mkl25z4.o(.data)
    .data                                    0x20000004   Section        4  timers.o(.data)
    .data                                    0x20000008   Section        4  profile.o(.data)
    .data                                    0x2000000c   Section        4  profile.o(.data)
    .data                                    0x20000010   Section        4  profile.o(.data)
    .data                                    0x20000014   Section        1  profile.o(.data)
    .data                                    0x20000018   Section        4  rtx_config.o(.data)
    .data                                    0x2000001c   Section        8  sound.o(.data)
    lfsr                                     0x2000001c   Data           2  sound.o(.data)
    bit                                      0x2000001e   Data           2  sound.o(.data)
    .data                                    0x20000024   Section       36  tasks.o(.data)
    .data                                    0x20000048   Section       12  dma.o(.data)
    .data                                    0x20000054   Section       32  tft_lcd.o(.data)
    xl                                       0x20000056   Data           2  tft_lcd.o(.data)
    yu                                       0x20000058   Data           2  tft_lcd.o(.data)
    .data                                    0x20000074   Section       20  tft_text.o(.data)
    .data                                    0x20000088   Section        8  rt_task.o(.data)
    .data                                    0x20000090   Section        4  rt_time.o(.data)
    .data                                    0x20000094   Section        8  rt_system.o(.data)
    os_lock                                  0x20000094   Data           1  rt_system.o(.data)
    os_psh_flag                              0x20000095   Data           1  rt_system.o(.data)
    pend_flags                               0x20000096   Data           1  rt_system.o(.data)
    .data                                    0x2000009c   Section        8  rt_timer.o(.data)
    .data                                    0x200000a4   Section        4  rand.o(.data)
    _rand_state                              0x200000a4   Data           4  rand.o(.data)
    .data                                    0x200000a8   Section        4  mvars.o(.data)
    .data                                    0x200000ac   Section        4  mvars.o(.data)
    .data                                    0x200000b0   Section        4  errno.o(.data)
    _errno                                   0x200000b0   Data           4  errno.o(.data)
    .bss                                     0x200000b4   Section      420  region.o(.bss)
    .bss                                     0x20000258   Section      404  rtx_config.o(.bss)
    .bss                                     0x200003f0   Section     1808  rtx_config.o(.bss)
    .bss                                     0x20000b00   Section      132  rtx_config.o(.bss)
    .bss                                     0x20000b84   Section       28  rtx_config.o(.bss)
    .bss                                     0x20000ba0   Section     1152  sound.o(.bss)
    .bss                                     0x20001020   Section      576  tasks.o(.bss)
    .bss                                     0x20001260   Section       56  rt_task.o(.bss)
    .bss                                     0x20001298   Section       48  rt_list.o(.bss)
    HEAP                                     0x200012c8   Section        0  startup_mkl25z4.o(HEAP)
    STACK                                    0x200012c8   Section     2048  startup_mkl25z4.o(STACK)

    Global Symbols

    Symbol Name                              Value     Ov Type        Size  Object(Section)

    BuildAttributes$$THM_ISAv3M$S$PE$A:L22$X:L11$S22$IEEE1$IW$USESV6$~STKCKD$USESV7$~SHL$OTIME$ROPI$IEEEX$EBA8$MICROLIB$REQ8$PRES8$EABIv2 0x00000000   Number         0  anon$$obj.o ABSOLUTE
    __ARM_use_no_argv                        0x00000000   Number         0  main.o ABSOLUTE
    __Vectors                                0x00000000   Data           4  startup_mkl25z4.o(RESET)
    _printf_a                                0x00000000   Number         0  stubs.o ABSOLUTE
    _printf_c                                0x00000000   Number         0  stubs.o ABSOLUTE
    _printf_charcount                        0x00000000   Number         0  stubs.o ABSOLUTE
    _printf_d                                0x00000000   Number         0  stubs.o ABSOLUTE
    _printf_e                                0x00000000   Number         0  stubs.o ABSOLUTE
    _printf_f                                0x00000000   Number         0  stubs.o ABSOLUTE
    _printf_flags                            0x00000000   Number         0  stubs.o ABSOLUTE
    _printf_fp_dec                           0x00000000   Number         0  stubs.o ABSOLUTE
    _printf_fp_hex                           0x00000000   Number         0  stubs.o ABSOLUTE
    _printf_g                                0x00000000   Number         0  stubs.o ABSOLUTE
    _printf_i                                0x00000000   Number         0  stubs.o ABSOLUTE
    _printf_int_dec                          0x00000000   Number         0  stubs.o ABSOLUTE
    _printf_l                                0x00000000   Number         0  stubs.o ABSOLUTE
    _printf_lc                               0x00000000   Number         0  stubs.o ABSOLUTE
    _printf_ll                               0x00000000   Number         0  stubs.o ABSOLUTE
    _printf_lld                              0x00000000   Number         0  stubs.o ABSOLUTE
    _printf_lli                              0x00000000   Number         0  stubs.o ABSOLUTE
    _printf_llo                              0x00000000   Number         0  stubs.o ABSOLUTE
    _printf_llu                              0x00000000   Number         0  stubs.o ABSOLUTE
    _printf_llx                              0x00000000   Number         0  stubs.o ABSOLUTE
    _printf_longlong_dec                     0x00000000   Number         0  stubs.o ABSOLUTE
    _printf_longlong_hex                     0x00000000   Number         0  stubs.o ABSOLUTE
    _printf_longlong_oct                     0x00000000   Number         0  stubs.o ABSOLUTE
    _printf_ls                               0x00000000   Number         0  stubs.o ABSOLUTE
    _printf_mbtowc                           0x00000000   Number         0  stubs.o ABSOLUTE
    _printf_n                                0x00000000   Number         0  stubs.o ABSOLUTE
    _printf_o                                0x00000000   Number         0  stubs.o ABSOLUTE
    _printf_p                                0x00000000   Number         0  stubs.o ABSOLUTE
    _printf_percent                          0x00000000   Number         0  stubs.o ABSOLUTE
    _printf_pre_padding                      0x00000000   Number         0  stubs.o ABSOLUTE
    _printf_return_value                     0x00000000   Number         0  stubs.o ABSOLUTE
    _printf_s                                0x00000000   Number         0  stubs.o ABSOLUTE
    _printf_sizespec                         0x00000000   Number         0  stubs.o ABSOLUTE
    _printf_str                              0x00000000   Number         0  stubs.o ABSOLUTE
    _printf_truncate_signed                  0x00000000   Number         0  stubs.o ABSOLUTE
    _printf_truncate_unsigned                0x00000000   Number         0  stubs.o ABSOLUTE
    _printf_u                                0x00000000   Number         0  stubs.o ABSOLUTE
    _printf_wc                               0x00000000   Number         0  stubs.o ABSOLUTE
    _printf_wctomb                           0x00000000   Number         0  stubs.o ABSOLUTE
    _printf_widthprec                        0x00000000   Number         0  stubs.o ABSOLUTE
    _printf_x                                0x00000000   Number         0  stubs.o ABSOLUTE
    __cpp_initialize__aeabi_                  - Undefined Weak Reference
    __cxa_finalize                            - Undefined Weak Reference
    __decompress                              - Undefined Weak Reference
    _clock_init                               - Undefined Weak Reference
    _microlib_exit                            - Undefined Weak Reference
    __Vectors_End                            0x000000c0   Data           0  startup_mkl25z4.o(RESET)
    __Vectors_Size                           0x000000c0   Number         0  startup_mkl25z4.o ABSOLUTE
    __main                                   0x000000c1   Thumb Code     0  entry.o(.ARM.Collect$$$$00000000)
    _main_stk                                0x000000c1   Thumb Code     0  entry2.o(.ARM.Collect$$$$00000001)
    _main_scatterload                        0x000000c5   Thumb Code     0  entry5.o(.ARM.Collect$$$$00000004)
    __main_after_scatterload                 0x000000c9   Thumb Code     0  entry5.o(.ARM.Collect$$$$00000004)
    _main_clock                              0x000000c9   Thumb Code     0  entry7b.o(.ARM.Collect$$$$00000008)
    _main_cpp_init                           0x000000c9   Thumb Code     0  entry8b.o(.ARM.Collect$$$$0000000A)
    _main_init                               0x000000c9   Thumb Code     0  entry9a.o(.ARM.Collect$$$$0000000B)
    __rt_final_cpp                           0x000000d1   Thumb Code     0  entry10a.o(.ARM.Collect$$$$0000000D)
    __rt_final_exit                          0x000000d1   Thumb Code     0  entry11a.o(.ARM.Collect$$$$0000000F)
    rt_set_PSP                               0x000000d5   Thumb Code     6  hal_cm1.o(.emb_text)
    rt_get_PSP                               0x000000db   Thumb Code     6  hal_cm1.o(.emb_text)
    os_set_env                               0x000000e1   Thumb Code    32  hal_cm1.o(.emb_text)
    _alloc_box                               0x00000105   Thumb Code    28  hal_cm1.o(.emb_text)
    _free_box                                0x00000125   Thumb Code    28  hal_cm1.o(.emb_text)
    SVC_Handler                              0x00000145   Thumb Code   152  hal_cm1.o(.emb_text)
    PendSV_Handler                           0x000001e9   Thumb Code    92  hal_cm1.o(.emb_text)
    SysTick_Handler                          0x00000249   Thumb Code     8  hal_cm1.o(.emb_text)
    OS_Tick_Handler                          0x00000251   Thumb Code    12  hal_cm1.o(.emb_text)
    SystemInit                               0x0000025d   Thumb Code   122  system_mkl25z4.o(.text)
    SystemCoreClockUpdate                    0x000002d7   Thumb Code   236  system_mkl25z4.o(.text)
    os_idle_demon                            0x000003f5   Thumb Code     2  rtx_config.o(.text)
    os_tmr_call                              0x000003f7   Thumb Code     2  rtx_config.o(.text)
    os_error                                 0x000003f9   Thumb Code     2  rtx_config.o(.text)
    rt_init_robin                            0x000003fb   Thumb Code     2  rtx_config.o(.text)
    rt_chk_robin                             0x000003fd   Thumb Code     2  rtx_config.o(.text)
    __I$use$fp                               0x000003ff   Thumb Code     0  iusefp.o(.text)
    __scatterload_null                       0x000003ff   Thumb Code     2  handlers.o(i.__scatterload_null)
    Reset_Handler                            0x00000411   Thumb Code     8  startup_mkl25z4.o(.text)
    NMI_Handler                              0x00000419   Thumb Code     2  startup_mkl25z4.o(.text)
    HardFault_Handler                        0x0000041b   Thumb Code     2  startup_mkl25z4.o(.text)
    ADC0_IRQHandler                          0x00000423   Thumb Code     0  startup_mkl25z4.o(.text)
    CMP0_IRQHandler                          0x00000423   Thumb Code     0  startup_mkl25z4.o(.text)
    DAC0_IRQHandler                          0x00000423   Thumb Code     0  startup_mkl25z4.o(.text)
    DMA1_IRQHandler                          0x00000423   Thumb Code     0  startup_mkl25z4.o(.text)
    DMA2_IRQHandler                          0x00000423   Thumb Code     0  startup_mkl25z4.o(.text)
    DMA3_IRQHandler                          0x00000423   Thumb Code     0  startup_mkl25z4.o(.text)
    DefaultISR                               0x00000423   Thumb Code     0  startup_mkl25z4.o(.text)
    FTFA_IRQHandler                          0x00000423   Thumb Code     0  startup_mkl25z4.o(.text)
    I2C0_IRQHandler                          0x00000423   Thumb Code     0  startup_mkl25z4.o(.text)
    I2C1_IRQHandler                          0x00000423   Thumb Code     0  startup_mkl25z4.o(.text)
    LLW_IRQHandler                           0x00000423   Thumb Code     0  startup_mkl25z4.o(.text)
    LPTimer_IRQHandler                       0x00000423   Thumb Code     0  startup_mkl25z4.o(.text)
    LVD_LVW_IRQHandler                       0x00000423   Thumb Code     0  startup_mkl25z4.o(.text)
    MCG_IRQHandler                           0x00000423   Thumb Code     0  startup_mkl25z4.o(.text)
    PORTA_IRQHandler                         0x00000423   Thumb Code     0  startup_mkl25z4.o(.text)
    PORTD_IRQHandler                         0x00000423   Thumb Code     0  startup_mkl25z4.o(.text)
    RTC_IRQHandler                           0x00000423   Thumb Code     0  startup_mkl25z4.o(.text)
    RTC_Seconds_IRQHandler                   0x00000423   Thumb Code     0  startup_mkl25z4.o(.text)
    Reserved20_IRQHandler                    0x00000423   Thumb Code     0  startup_mkl25z4.o(.text)
    Reserved39_IRQHandler                    0x00000423   Thumb Code     0  startup_mkl25z4.o(.text)
    Reserved45_IRQHandler                    0x00000423   Thumb Code     0  startup_mkl25z4.o(.text)
    SPI0_IRQHandler                          0x00000423   Thumb Code     0  startup_mkl25z4.o(.text)
    SPI1_IRQHandler                          0x00000423   Thumb Code     0  startup_mkl25z4.o(.text)
    TPM1_IRQHandler                          0x00000423   Thumb Code     0  startup_mkl25z4.o(.text)
    TPM2_IRQHandler                          0x00000423   Thumb Code     0  startup_mkl25z4.o(.text)
    TSI0_IRQHandler                          0x00000423   Thumb Code     0  startup_mkl25z4.o(.text)
    UART0_IRQHandler                         0x00000423   Thumb Code     0  startup_mkl25z4.o(.text)
    UART1_IRQHandler                         0x00000423   Thumb Code     0  startup_mkl25z4.o(.text)
    UART2_IRQHandler                         0x00000423   Thumb Code     0  startup_mkl25z4.o(.text)
    USB0_IRQHandler                          0x00000423   Thumb Code     0  startup_mkl25z4.o(.text)
    main                                     0x0000042d   Thumb Code   120  main.o(.text)
    __RL_RTX_VER                             0x00000474   Number         0  rt_system.o ABSOLUTE
    Init_RGB_LEDs                            0x000004c1   Thumb Code    84  leds.o(.text)
    Control_RGB_LEDs                         0x00000515   Thumb Code    50  leds.o(.text)
    PIT_IRQHandler                           0x00000559   Thumb Code   138  timers.o(.text)
    PIT_Init                                 0x000005e3   Thumb Code    76  timers.o(.text)
    PIT_Start                                0x0000062f   Thumb Code    12  timers.o(.text)
    PIT_Stop                                 0x0000063b   Thumb Code    12  timers.o(.text)
    Init_PWM                                 0x00000647   Thumb Code   122  timers.o(.text)
    Old_Init_PWM                             0x000006c1   Thumb Code    64  timers.o(.text)
    PWM_Set_Value                            0x00000701   Thumb Code     8  timers.o(.text)
    TPM0_Init                                0x00000709   Thumb Code    22  timers.o(.text)
    Configure_TPM0_for_DMA                   0x0000071f   Thumb Code    20  timers.o(.text)
    TPM0_Start                               0x00000733   Thumb Code    12  timers.o(.text)
    TPM0_IRQHandler                          0x0000073f   Thumb Code    20  timers.o(.text)
    Delay                                    0x000007ad   Thumb Code    24  delay.o(.text)
    ShortDelay                               0x000007c5   Thumb Code    20  delay.o(.text)
    DAC_Init                                 0x000007dd   Thumb Code    48  sound.o(.text)
    Play_Sound_Sample                        0x0000080d   Thumb Code    14  sound.o(.text)
    SineTable_Init                           0x0000081b   Thumb Code    62  sound.o(.text)
    Init_Waveform                            0x00000859   Thumb Code   110  sound.o(.text)
    Sound_Init                               0x000008c7   Thumb Code    82  sound.o(.text)
    Sound_Enable_Amp                         0x00000919   Thumb Code    10  sound.o(.text)
    Sound_Disable_Amp                        0x00000923   Thumb Code    10  sound.o(.text)
    Play_Tone                                0x0000092d   Thumb Code    64  sound.o(.text)
    Sound_Generate_Next_Sample               0x0000096d   Thumb Code    36  sound.o(.text)
    Play_Waveform_with_DMA                   0x00000991   Thumb Code    20  sound.o(.text)
    Play_Tone_with_DMA                       0x000009a5   Thumb Code    26  sound.o(.text)
    Task_Sound_Manager                       0x000009bf   Thumb Code    28  sound.o(.text)
    Task_Refill_Sound_Buffer                 0x000009db   Thumb Code    62  sound.o(.text)
    Init_Debug_Signals                       0x00000a61   Thumb Code   112  tasks.o(.text)
    Task_CPUStats                            0x00000ad1   Thumb Code    32  tasks.o(.text)
    Task_GameStats                           0x00000af1   Thumb Code   188  tasks.o(.text)
    Task_Update_Screen                       0x00000bad   Thumb Code   464  tasks.o(.text)
    Task_Read_Accelerometer                  0x00000d7d   Thumb Code   124  tasks.o(.text)
    Task_Read_TS                             0x00000df9   Thumb Code   258  tasks.o(.text)
    Task_Init                                0x00000efb   Thumb Code   122  tasks.o(.text)
    i2c_init                                 0x00000fb5   Thumb Code    60  i2c.o(.text)
    i2c_wait                                 0x00000ff1   Thumb Code    18  i2c.o(.text)
    i2c_start                                0x00001003   Thumb Code    20  i2c.o(.text)
    i2c_read_setup                           0x00001017   Thumb Code    48  i2c.o(.text)
    i2c_repeated_read                        0x00001047   Thumb Code    50  i2c.o(.text)
    i2c_read_byte                            0x00001079   Thumb Code    88  i2c.o(.text)
    i2c_write_byte                           0x000010d1   Thumb Code    52  i2c.o(.text)
    DMA_Init                                 0x00001111   Thumb Code    24  dma.o(.text)
    Configure_DMA_For_Playback               0x00001129   Thumb Code    50  dma.o(.text)
    Start_DMA_Playback                       0x0000115b   Thumb Code    52  dma.o(.text)
    DMA0_IRQHandler                          0x0000118f   Thumb Code    56  dma.o(.text)
    init_mma                                 0x000011f1   Thumb Code    54  mma8451.o(.text)
    read_xyz                                 0x00001227   Thumb Code     2  mma8451.o(.text)
    approx_sqrtf                             0x00001229   Thumb Code    20  mma8451.o(.text)
    approx_atan2f                            0x0000123d   Thumb Code   258  mma8451.o(.text)
    read_full_xyz                            0x0000133f   Thumb Code    98  mma8451.o(.text)
    TFT_Draw_Line                            0x000013c9   Thumb Code   564  tft_graphics.o(.text)
    Graphics_Test                            0x000015fd   Thumb Code   160  tft_graphics.o(.text)
    TFT_GPIO_Init                            0x0000169d   Thumb Code   174  tft_lcd.o(.text)
    TFT_Init_Backlight                       0x0000174b   Thumb Code     8  tft_lcd.o(.text)
    TFT_Set_Backlight_Brightness             0x00001753   Thumb Code    38  tft_lcd.o(.text)
    TFT_24S_Write_Command                    0x00001779   Thumb Code    36  tft_lcd.o(.text)
    TFT_24S_Write_Data                       0x0000179d   Thumb Code    36  tft_lcd.o(.text)
    Init_ADC                                 0x000017c1   Thumb Code    24  tft_lcd.o(.text)
    TFT_TS_Init                              0x000017d9   Thumb Code     2  tft_lcd.o(.text)
    TFT_Init                                 0x000017db   Thumb Code   418  tft_lcd.o(.text)
    TFT_Plot_Pixel                           0x0000197d   Thumb Code   112  tft_lcd.o(.text)
    TFT_Fill_Buffer                          0x000019ed   Thumb Code   130  tft_lcd.o(.text)
    TFT_Fill_Rectangle                       0x00001a6f   Thumb Code   224  tft_lcd.o(.text)
    TFT_Start_Rectangle                      0x00001b4f   Thumb Code   138  tft_lcd.o(.text)
    TFT_Write_Rectangle_Pixel                0x00001bd9   Thumb Code    50  tft_lcd.o(.text)
    TFT_Set_BL                               0x00001c0b   Thumb Code    28  tft_lcd.o(.text)
    TFT_Set_Brightness                       0x00001c27   Thumb Code    18  tft_lcd.o(.text)
    TFT_TS_Read                              0x00001c39   Thumb Code   374  tft_lcd.o(.text)
    TFT_TS_Test                              0x00001daf   Thumb Code   116  tft_lcd.o(.text)
    TFT_TS_Calibrate                         0x00001e23   Thumb Code   282  tft_lcd.o(.text)
    TFT_Text_Set_Colors                      0x00001f9d   Thumb Code    32  tft_text.o(.text)
    TFT_Erase                                0x00001fbd   Thumb Code    12  tft_text.o(.text)
    TFT_Text_Init                            0x00001fc9   Thumb Code    44  tft_text.o(.text)
    TFT_Text_PrintChar                       0x00001ff5   Thumb Code   430  tft_text.o(.text)
    TFT_Text_PrintStr                        0x000021a3   Thumb Code    36  tft_text.o(.text)
    TFT_Text_PrintStr_RC                     0x000021c7   Thumb Code    52  tft_text.o(.text)
    __aeabi_uidiv                            0x00002205   Thumb Code     0  uidiv.o(.text)
    __aeabi_uidivmod                         0x00002205   Thumb Code    44  uidiv.o(.text)
    __aeabi_idiv                             0x00002231   Thumb Code     0  idiv.o(.text)
    __aeabi_idivmod                          0x00002231   Thumb Code    40  idiv.o(.text)
    rand                                     0x00002259   Thumb Code    18  rand.o(.text)
    srand                                    0x0000226b   Thumb Code     6  rand.o(.text)
    __aeabi_memcpy                           0x0000227d   Thumb Code    36  memcpya.o(.text)
    __aeabi_memcpy4                          0x0000227d   Thumb Code     0  memcpya.o(.text)
    __aeabi_memcpy8                          0x0000227d   Thumb Code     0  memcpya.o(.text)
    __aeabi_fadd                             0x000022a1   Thumb Code   162  fadd.o(.text)
    __aeabi_fsub                             0x00002343   Thumb Code     8  fadd.o(.text)
    __aeabi_frsub                            0x0000234b   Thumb Code     8  fadd.o(.text)
    __aeabi_fmul                             0x00002353   Thumb Code   122  fmul.o(.text)
    __aeabi_fdiv                             0x000023cd   Thumb Code   124  fdiv.o(.text)
    __ARM_scalbnf                            0x00002449   Thumb Code    24  fscalb.o(.text)
    scalbnf                                  0x00002449   Thumb Code     0  fscalb.o(.text)
    __aeabi_dadd                             0x00002461   Thumb Code   328  dadd.o(.text)
    __aeabi_dsub                             0x000025a9   Thumb Code    12  dadd.o(.text)
    __aeabi_drsub                            0x000025b5   Thumb Code    12  dadd.o(.text)
    __aeabi_dmul                             0x000025c5   Thumb Code   202  dmul.o(.text)
    __aeabi_i2f                              0x00002695   Thumb Code    22  fflti.o(.text)
    __aeabi_ui2f                             0x000026ab   Thumb Code    14  ffltui.o(.text)
    __aeabi_ui2d                             0x000026b9   Thumb Code    24  dfltui.o(.text)
    __aeabi_f2iz                             0x000026d5   Thumb Code    50  ffixi.o(.text)
    __aeabi_f2uiz                            0x00002707   Thumb Code    40  ffixui.o(.text)
    __aeabi_d2uiz                            0x00002731   Thumb Code    50  dfixui.o(.text)
    __aeabi_f2d                              0x0000276d   Thumb Code    40  f2d.o(.text)
    __aeabi_d2f                              0x00002795   Thumb Code    56  d2f.o(.text)
    __aeabi_llsl                             0x000027cd   Thumb Code    32  llshl.o(.text)
    _ll_shift_l                              0x000027cd   Thumb Code     0  llshl.o(.text)
    __aeabi_llsr                             0x000027ed   Thumb Code    34  llushr.o(.text)
    _ll_ushift_r                             0x000027ed   Thumb Code     0  llushr.o(.text)
    __aeabi_lasr                             0x0000280f   Thumb Code    38  llsshr.o(.text)
    _ll_sshift_r                             0x0000280f   Thumb Code     0  llsshr.o(.text)
    _float_round                             0x00002835   Thumb Code    16  fepilogue.o(.text)
    _float_epilogue                          0x00002845   Thumb Code   114  fepilogue.o(.text)
    _frnd                                    0x000028b7   Thumb Code    62  frnd.o(.text)
    _double_round                            0x000028f5   Thumb Code    26  depilogue.o(.text)
    _double_epilogue                         0x0000290f   Thumb Code   164  depilogue.o(.text)
    __scatterload                            0x000029b5   Thumb Code    28  init.o(.text)
    __scatterload_rt2                        0x000029b5   Thumb Code     0  init.o(.text)
    SVC_Count                                0x000029d8   Data           4  svc_table.o(SVC_TABLE)
    SVC_Table                                0x000029dc   Data           0  svc_table.o(SVC_TABLE)
    __0sprintf$6                             0x000029dd   Thumb Code    36  printf6.o(i.__0sprintf$6)
    __1sprintf$6                             0x000029dd   Thumb Code     0  printf6.o(i.__0sprintf$6)
    __2sprintf                               0x000029dd   Thumb Code     0  printf6.o(i.__0sprintf$6)
    __ARM_clz                                0x00002a05   Thumb Code    46  depilogue.o(i.__ARM_clz)
    __ARM_common_ll_muluu                    0x00002a33   Thumb Code    50  rredf.o(i.__ARM_common_ll_muluu)
    __ARM_common_switch8                     0x00002a65   Thumb Code    26  system_mkl25z4.o(i.__ARM_common_switch8)
    __ARM_fpclassifyf                        0x00002a7f   Thumb Code    34  fpclassifyf.o(i.__ARM_fpclassifyf)
    __mathlib_flt_infnan                     0x00002aa1   Thumb Code    10  funder.o(i.__mathlib_flt_infnan)
    __mathlib_flt_invalid                    0x00002aab   Thumb Code    12  funder.o(i.__mathlib_flt_invalid)
    __mathlib_flt_underflow                  0x00002ab7   Thumb Code    14  funder.o(i.__mathlib_flt_underflow)
    __mathlib_rredf2                         0x00002ac5   Thumb Code   366  rredf.o(i.__mathlib_rredf2)
    __scatterload_copy                       0x00002c45   Thumb Code    14  handlers.o(i.__scatterload_copy)
    __scatterload_zeroinit                   0x00002c53   Thumb Code    14  handlers.o(i.__scatterload_zeroinit)
    __set_errno                              0x00002c61   Thumb Code     6  errno.o(i.__set_errno)
    _init_box                                0x00002c6d   Thumb Code    72  rt_membox.o(i._init_box)
    free                                     0x00003011   Thumb Code    80  malloc.o(i.free)
    isr_evt_set                              0x00003065   Thumb Code    30  rt_event.o(i.isr_evt_set)
    malloc                                   0x00003089   Thumb Code    92  malloc.o(i.malloc)
    os_tick_init                             0x000030f5   Thumb Code    32  rt_system.o(i.os_tick_init)
    os_tick_irqack                           0x00003121   Thumb Code     2  rt_system.o(i.os_tick_irqack)
    rt_alloc_box                             0x00003123   Thumb Code    30  rt_membox.o(i.rt_alloc_box)
    rt_block                                 0x00003141   Thumb Code    42  rt_task.o(i.rt_block)
    rt_dec_dly                               0x00003179   Thumb Code   112  rt_list.o(i.rt_dec_dly)
    rt_dispatch                              0x000031f1   Thumb Code    56  rt_task.o(i.rt_dispatch)
    rt_evt_get                               0x00003231   Thumb Code     8  rt_event.o(i.rt_evt_get)
    rt_evt_psh                               0x0000323d   Thumb Code    70  rt_event.o(i.rt_evt_psh)
    rt_evt_set                               0x00003289   Thumb Code    88  rt_event.o(i.rt_evt_set)
    rt_evt_wait                              0x000032e5   Thumb Code    58  rt_event.o(i.rt_evt_wait)
    rt_free_box                              0x00003325   Thumb Code    38  rt_membox.o(i.rt_free_box)
    rt_get_first                             0x0000334b   Thumb Code    42  rt_list.o(i.rt_get_first)
    rt_init_stack                            0x000033bd   Thumb Code    68  hal_cm1.o(i.rt_init_stack)
    rt_itv_set                               0x00003409   Thumb Code    16  rt_time.o(i.rt_itv_set)
    rt_itv_wait                              0x00003421   Thumb Code    34  rt_time.o(i.rt_itv_wait)
    rt_mbx_init                              0x0000344d   Thumb Code    28  rt_mailbox.o(i.rt_mbx_init)
    rt_mbx_psh                               0x0000346d   Thumb Code   176  rt_mailbox.o(i.rt_mbx_psh)
    rt_mbx_send                              0x00003521   Thumb Code   154  rt_mailbox.o(i.rt_mbx_send)
    rt_mbx_wait                              0x000035c1   Thumb Code   172  rt_mailbox.o(i.rt_mbx_wait)
    rt_mut_init                              0x00003671   Thumb Code    16  rt_mutex.o(i.rt_mut_init)
    rt_mut_release                           0x00003681   Thumb Code   218  rt_mutex.o(i.rt_mut_release)
    rt_mut_wait                              0x00003765   Thumb Code   106  rt_mutex.o(i.rt_mut_wait)
    rt_pop_req                               0x000037d5   Thumb Code   100  rt_system.o(i.rt_pop_req)
    rt_psh_req                               0x00003845   Thumb Code    24  rt_system.o(i.rt_psh_req)
    rt_psq_enq                               0x00003865   Thumb Code    60  rt_list.o(i.rt_psq_enq)
    rt_put_dly                               0x000038a5   Thumb Code    74  rt_list.o(i.rt_put_dly)
    rt_put_prio                              0x000038f5   Thumb Code    60  rt_list.o(i.rt_put_prio)
    rt_put_rdy_first                         0x00003931   Thumb Code    14  rt_list.o(i.rt_put_rdy_first)
    rt_resort_prio                           0x00003945   Thumb Code    44  rt_list.o(i.rt_resort_prio)
    rt_rmv_dly                               0x00003975   Thumb Code    42  rt_list.o(i.rt_rmv_dly)
    rt_rmv_list                              0x000039a1   Thumb Code    46  rt_list.o(i.rt_rmv_list)
    rt_sem_psh                               0x000039d5   Thumb Code    46  rt_semaphore.o(i.rt_sem_psh)
    rt_stk_check                             0x00003a09   Thumb Code    30  rt_system.o(i.rt_stk_check)
    rt_switch_req                            0x00003a31   Thumb Code    10  rt_task.o(i.rt_switch_req)
    rt_sys_init                              0x00003a41   Thumb Code   230  rt_task.o(i.rt_sys_init)
    rt_systick                               0x00003b79   Thumb Code    48  rt_system.o(i.rt_systick)
    rt_tmr_tick                              0x00003bb5   Thumb Code    56  rt_timer.o(i.rt_tmr_tick)
    rt_tsk_create                            0x00003bf5   Thumb Code   108  rt_task.o(i.rt_tsk_create)
    rt_tsk_delete                            0x00003c71   Thumb Code   294  rt_task.o(i.rt_tsk_delete)
    sinf                                     0x00003db1   Thumb Code   330  sinf.o(i.sinf)
    RegionTable                              0x00003f34   Data        3360  region.o(.constdata)
    NumProfileRegions                        0x00004c54   Data           4  region.o(.constdata)
    Lucida_Console12x19                      0x00004c58   Data        3831  lucida_12x19.o(.constdata)
    os_maxtaskrun                            0x00005b50   Data           2  rtx_config.o(.constdata)
    os_stackinfo                             0x00005b54   Data           4  rtx_config.o(.constdata)
    os_trv                                   0x00005b58   Data           4  rtx_config.o(.constdata)
    os_flags                                 0x00005b5c   Data           1  rtx_config.o(.constdata)
    os_clockrate                             0x00005b60   Data           4  rtx_config.o(.constdata)
    os_timernum                              0x00005b64   Data           4  rtx_config.o(.constdata)
    mp_tcb_size                              0x00005b68   Data           2  rtx_config.o(.constdata)
    mp_stk_size                              0x00005b6c   Data           4  rtx_config.o(.constdata)
    os_fifo_size                             0x00005b70   Data           1  rtx_config.o(.constdata)
    mp_tmr_size                              0x00005b72   Data           2  rtx_config.o(.constdata)
    RL_RTX_Version                           0x00005bd8   Data           4  rt_system.o(.constdata)
    Region$$Table$$Base                      0x00005bfc   Number         0  anon$$obj.o(Region$$Table)
    Region$$Table$$Limit                     0x00005c1c   Number         0  anon$$obj.o(Region$$Table)
    SystemCoreClock                          0x20000000   Data           4  system_mkl25z4.o(.data)
    PC_val                                   0x20000004   Data           4  timers.o(.data)
    adx_lost                                 0x20000008   Data           4  profile.o(.data)
    num_lost                                 0x2000000c   Data           4  profile.o(.data)
    profile_ticks                            0x20000010   Data           4  profile.o(.data)
    profiling_enabled                        0x20000014   Data           1  profile.o(.data)
    m_tmr                                    0x20000018   Data           4  rtx_config.o(.data)
    WNG_Len                                  0x20000020   Data           4  sound.o(.data)
    coin_X_pos                               0x20000024   Data           2  tasks.o(.data)
    coin_Y_pos                               0x20000026   Data           2  tasks.o(.data)
    roll                                     0x20000028   Data           4  tasks.o(.data)
    t_Read_TS                                0x2000002c   Data           4  tasks.o(.data)
    t_Read_Accelerometer                     0x20000030   Data           4  tasks.o(.data)
    t_Sound_Manager                          0x20000034   Data           4  tasks.o(.data)
    t_US                                     0x20000038   Data           4  tasks.o(.data)
    t_Refill_Sound_Buffer                    0x2000003c   Data           4  tasks.o(.data)
    t_GameStats                              0x20000040   Data           4  tasks.o(.data)
    t_CPUStats                               0x20000044   Data           4  tasks.o(.data)
    Reload_DMA_Source                        0x20000048   Data           4  dma.o(.data)
    Reload_DMA_Byte_Count                    0x2000004c   Data           4  dma.o(.data)
    DMA_Playback_Count                       0x20000050   Data           4  dma.o(.data)
    TFT_TS_Calibrated                        0x20000054   Data           1  tft_lcd.o(.data)
    TFT_TS_X_Scale                           0x2000005c   Data           4  tft_lcd.o(.data)
    TFT_TS_X_Offset                          0x20000060   Data           4  tft_lcd.o(.data)
    TFT_TS_Y_Scale                           0x20000064   Data           4  tft_lcd.o(.data)
    TFT_TS_Y_Offset                          0x20000068   Data           4  tft_lcd.o(.data)
    TS_Min                                   0x2000006c   Data           4  tft_lcd.o(.data)
    TS_Max                                   0x20000070   Data           4  tft_lcd.o(.data)
    G_TFT_char_width                         0x20000074   Data           1  tft_text.o(.data)
    G_TFT_char_height                        0x20000075   Data           1  tft_text.o(.data)
    fg                                       0x20000076   Data           3  tft_text.o(.data)
    bg                                       0x20000079   Data           3  tft_text.o(.data)
    font                                     0x2000007c   Data           4  tft_text.o(.data)
    font_header                              0x20000080   Data           4  tft_text.o(.data)
    glyph_index                              0x20000084   Data           4  tft_text.o(.data)
    os_tsk                                   0x20000088   Data           8  rt_task.o(.data)
    os_time                                  0x20000090   Data           4  rt_time.o(.data)
    os_tick_irqn                             0x20000098   Data           4  rt_system.o(.data)
    os_tmr                                   0x2000009c   Data           8  rt_timer.o(.data)
    __microlib_freelist                      0x200000a8   Data           4  mvars.o(.data)
    __microlib_freelist_initialised          0x200000ac   Data           4  mvars.o(.data)
    RegionCount                              0x200000b4   Data         420  region.o(.bss)
    mp_tcb                                   0x20000258   Data         404  rtx_config.o(.bss)
    mp_stk                                   0x200003f0   Data        1808  rtx_config.o(.bss)
    os_fifo                                  0x20000b00   Data         132  rtx_config.o(.bss)
    os_active_TCB                            0x20000b84   Data          28  rtx_config.o(.bss)
    SineTable                                0x20000ba0   Data         128  sound.o(.bss)
    Waveform                                 0x20000c20   Data        1024  sound.o(.bss)
    RA_Stack                                 0x20001020   Data         512  tasks.o(.bss)
    LCD_mutex                                0x20001220   Data          16  tasks.o(.bss)
    ACCL_mailbox                             0x20001230   Data          24  tasks.o(.bss)
    TS_mailbox                               0x20001248   Data          24  tasks.o(.bss)
    os_idle_TCB                              0x20001260   Data          56  rt_task.o(.bss)
    os_rdy                                   0x20001298   Data          24  rt_list.o(.bss)
    os_dly                                   0x200012b0   Data          24  rt_list.o(.bss)
    __heap_base                              0x200012c8   Data           0  startup_mkl25z4.o(HEAP)
    __heap_limit                             0x200012c8   Data           0  startup_mkl25z4.o(HEAP)
    __initial_sp                             0x20001ac8   Data           0  startup_mkl25z4.o(STACK)



==============================================================================

Memory Map of the image

  Image Entry point : 0x000000c1

  Load Region LR_IROM1 (Base: 0x00000000, Size: 0x00005cd0, Max: 0x00020000, ABSOLUTE)

    Execution Region ER_IROM1 (Base: 0x00000000, Size: 0x00005c1c, Max: 0x00020000, ABSOLUTE)

    Base Addr    Size         Type   Attr      Idx    E Section Name        Object

    0x00000000   0x000000c0   Data   RO           49    RESET               startup_mkl25z4.o
    0x000000c0   0x00000000   Code   RO         1065  * .ARM.Collect$$$$00000000  mc_p.l(entry.o)
    0x000000c0   0x00000004   Code   RO         1417    .ARM.Collect$$$$00000001  mc_p.l(entry2.o)
    0x000000c4   0x00000004   Code   RO         1420    .ARM.Collect$$$$00000004  mc_p.l(entry5.o)
    0x000000c8   0x00000000   Code   RO         1422    .ARM.Collect$$$$00000008  mc_p.l(entry7b.o)
    0x000000c8   0x00000000   Code   RO         1424    .ARM.Collect$$$$0000000A  mc_p.l(entry8b.o)
    0x000000c8   0x00000008   Code   RO         1425    .ARM.Collect$$$$0000000B  mc_p.l(entry9a.o)
    0x000000d0   0x00000000   Code   RO         1427    .ARM.Collect$$$$0000000D  mc_p.l(entry10a.o)
    0x000000d0   0x00000000   Code   RO         1429    .ARM.Collect$$$$0000000F  mc_p.l(entry11a.o)
    0x000000d0   0x00000004   Code   RO         1418    .ARM.Collect$$$$00002712  mc_p.l(entry2.o)
    0x000000d4   0x00000188   Code   RO          760    .emb_text           RTX_CM1.LIB(hal_cm1.o)
    0x0000025c   0x00000198   Code   RO            3    .text               system_mkl25z4.o
    0x000003f4   0x0000000a   Code   RO          290    .text               rtx_config.o
    0x000003fe   0x00000000   Code   RO         1451    .text               mc_p.l(iusefp.o)
    0x000003fe   0x00000002   Code   RO         1473    i.__scatterload_null  mc_p.l(handlers.o)
    0x00000400   0x00000010   Code   RO           50    .ARM.__at_0x400     startup_mkl25z4.o
    0x00000410   0x0000001c   Code   RO           51    .text               startup_mkl25z4.o
    0x0000042c   0x00000094   Code   RO           59    .text               main.o
    0x000004c0   0x00000098   Code   RO          141    .text               leds.o
    0x00000558   0x00000254   Code   RO          161    .text               timers.o
    0x000007ac   0x00000030   Code   RO          194    .text               delay.o
    0x000007dc   0x00000284   Code   RO          327    .text               sound.o
    0x00000a60   0x00000554   Code   RO          355    .text               tasks.o
    0x00000fb4   0x0000015c   Code   RO          388    .text               i2c.o
    0x00001110   0x000000e0   Code   RO          408    .text               dma.o
    0x000011f0   0x000001d8   Code   RO          431    .text               mma8451.o
    0x000013c8   0x000002d4   Code   RO          450    .text               tft_graphics.o
    0x0000169c   0x00000900   Code   RO          464    .text               tft_lcd.o
    0x00001f9c   0x00000268   Code   RO          485    .text               tft_text.o
    0x00002204   0x0000002c   Code   RO         1068    .text               mc_p.l(uidiv.o)
    0x00002230   0x00000028   Code   RO         1070    .text               mc_p.l(idiv.o)
    0x00002258   0x00000024   Code   RO         1072    .text               mc_p.l(rand.o)
    0x0000227c   0x00000024   Code   RO         1075    .text               mc_p.l(memcpya.o)
    0x000022a0   0x000000b2   Code   RO         1368    .text               mf_p.l(fadd.o)
    0x00002352   0x0000007a   Code   RO         1370    .text               mf_p.l(fmul.o)
    0x000023cc   0x0000007c   Code   RO         1372    .text               mf_p.l(fdiv.o)
    0x00002448   0x00000018   Code   RO         1374    .text               mf_p.l(fscalb.o)
    0x00002460   0x00000164   Code   RO         1376    .text               mf_p.l(dadd.o)
    0x000025c4   0x000000d0   Code   RO         1378    .text               mf_p.l(dmul.o)
    0x00002694   0x00000016   Code   RO         1380    .text               mf_p.l(fflti.o)
    0x000026aa   0x0000000e   Code   RO         1382    .text               mf_p.l(ffltui.o)
    0x000026b8   0x0000001c   Code   RO         1384    .text               mf_p.l(dfltui.o)
    0x000026d4   0x00000032   Code   RO         1386    .text               mf_p.l(ffixi.o)
    0x00002706   0x00000028   Code   RO         1388    .text               mf_p.l(ffixui.o)
    0x0000272e   0x00000002   PAD
    0x00002730   0x0000003c   Code   RO         1390    .text               mf_p.l(dfixui.o)
    0x0000276c   0x00000028   Code   RO         1392    .text               mf_p.l(f2d.o)
    0x00002794   0x00000038   Code   RO         1394    .text               mf_p.l(d2f.o)
    0x000027cc   0x00000020   Code   RO         1436    .text               mc_p.l(llshl.o)
    0x000027ec   0x00000022   Code   RO         1438    .text               mc_p.l(llushr.o)
    0x0000280e   0x00000026   Code   RO         1440    .text               mc_p.l(llsshr.o)
    0x00002834   0x00000082   Code   RO         1452    .text               mf_p.l(fepilogue.o)
    0x000028b6   0x0000003e   Code   RO         1454    .text               mf_p.l(frnd.o)
    0x000028f4   0x000000be   Code   RO         1456    .text               mf_p.l(depilogue.o)
    0x000029b2   0x00000002   PAD
    0x000029b4   0x00000024   Code   RO         1466    .text               mc_p.l(init.o)
    0x000029d8   0x00000004   Code   RO          970    SVC_TABLE           RTX_CM1.LIB(svc_table.o)
    0x000029dc   0x00000028   Code   RO         1236    i.__0sprintf$6      mc_p.l(printf6.o)
    0x00002a04   0x0000002e   Code   RO         1458    i.__ARM_clz         mf_p.l(depilogue.o)
    0x00002a32   0x00000032   Code   RO         1415    i.__ARM_common_ll_muluu  m_ps.l(rredf.o)
    0x00002a64   0x0000001a   Code   RO           22    i.__ARM_common_switch8  system_mkl25z4.o
    0x00002a7e   0x00000022   Code   RO         1396    i.__ARM_fpclassifyf  m_ps.l(fpclassifyf.o)
    0x00002aa0   0x0000000a   Code   RO         1399    i.__mathlib_flt_infnan  m_ps.l(funder.o)
    0x00002aaa   0x0000000c   Code   RO         1401    i.__mathlib_flt_invalid  m_ps.l(funder.o)
    0x00002ab6   0x0000000e   Code   RO         1404    i.__mathlib_flt_underflow  m_ps.l(funder.o)
    0x00002ac4   0x00000180   Code   RO         1412    i.__mathlib_rredf2  m_ps.l(rredf.o)
    0x00002c44   0x0000000e   Code   RO         1472    i.__scatterload_copy  mc_p.l(handlers.o)
    0x00002c52   0x0000000e   Code   RO         1474    i.__scatterload_zeroinit  mc_p.l(handlers.o)
    0x00002c60   0x0000000c   Code   RO         1446    i.__set_errno       mc_p.l(errno.o)
    0x00002c6c   0x00000048   Code   RO          941    i._init_box         RTX_CM1.LIB(rt_membox.o)
    0x00002cb4   0x00000304   Code   RO         1241    i._printf_core      mc_p.l(printf6.o)
    0x00002fb8   0x00000020   Code   RO         1242    i._printf_post_padding  mc_p.l(printf6.o)
    0x00002fd8   0x0000002c   Code   RO         1243    i._printf_pre_padding  mc_p.l(printf6.o)
    0x00003004   0x0000000a   Code   RO         1245    i._sputc            mc_p.l(printf6.o)
    0x0000300e   0x00000002   PAD
    0x00003010   0x00000054   Code   RO         1340    i.free              mc_p.l(malloc.o)
    0x00003064   0x00000024   Code   RO          605    i.isr_evt_set       RTX_CM1.LIB(rt_event.o)
    0x00003088   0x0000006c   Code   RO         1341    i.malloc            mc_p.l(malloc.o)
    0x000030f4   0x0000002c   Code   RO          777    i.os_tick_init      RTX_CM1.LIB(rt_system.o)
    0x00003120   0x00000002   Code   RO          778    i.os_tick_irqack    RTX_CM1.LIB(rt_system.o)
    0x00003122   0x0000001e   Code   RO          942    i.rt_alloc_box      RTX_CM1.LIB(rt_membox.o)
    0x00003140   0x00000038   Code   RO          506    i.rt_block          RTX_CM1.LIB(rt_task.o)
    0x00003178   0x00000078   Code   RO          861    i.rt_dec_dly        RTX_CM1.LIB(rt_list.o)
    0x000031f0   0x00000040   Code   RO          507    i.rt_dispatch       RTX_CM1.LIB(rt_task.o)
    0x00003230   0x0000000c   Code   RO          607    i.rt_evt_get        RTX_CM1.LIB(rt_event.o)
    0x0000323c   0x0000004c   Code   RO          608    i.rt_evt_psh        RTX_CM1.LIB(rt_event.o)
    0x00003288   0x0000005c   Code   RO          609    i.rt_evt_set        RTX_CM1.LIB(rt_event.o)
    0x000032e4   0x00000040   Code   RO          610    i.rt_evt_wait       RTX_CM1.LIB(rt_event.o)
    0x00003324   0x00000026   Code   RO          943    i.rt_free_box       RTX_CM1.LIB(rt_membox.o)
    0x0000334a   0x0000002a   Code   RO          862    i.rt_get_first      RTX_CM1.LIB(rt_list.o)
    0x00003374   0x00000048   Code   RO          508    i.rt_init_context   RTX_CM1.LIB(rt_task.o)
    0x000033bc   0x0000004c   Code   RO          761    i.rt_init_stack     RTX_CM1.LIB(hal_cm1.o)
    0x00003408   0x00000018   Code   RO          704    i.rt_itv_set        RTX_CM1.LIB(rt_time.o)
    0x00003420   0x0000002c   Code   RO          705    i.rt_itv_wait       RTX_CM1.LIB(rt_time.o)
    0x0000344c   0x00000020   Code   RO          654    i.rt_mbx_init       RTX_CM1.LIB(rt_mailbox.o)
    0x0000346c   0x000000b4   Code   RO          655    i.rt_mbx_psh        RTX_CM1.LIB(rt_mailbox.o)
    0x00003520   0x000000a0   Code   RO          656    i.rt_mbx_send       RTX_CM1.LIB(rt_mailbox.o)
    0x000035c0   0x000000b0   Code   RO          657    i.rt_mbx_wait       RTX_CM1.LIB(rt_mailbox.o)
    0x00003670   0x00000010   Code   RO          736    i.rt_mut_init       RTX_CM1.LIB(rt_mutex.o)
    0x00003680   0x000000e4   Code   RO          737    i.rt_mut_release    RTX_CM1.LIB(rt_mutex.o)
    0x00003764   0x00000070   Code   RO          738    i.rt_mut_wait       RTX_CM1.LIB(rt_mutex.o)
    0x000037d4   0x00000070   Code   RO          779    i.rt_pop_req        RTX_CM1.LIB(rt_system.o)
    0x00003844   0x00000020   Code   RO          780    i.rt_psh_req        RTX_CM1.LIB(rt_system.o)
    0x00003864   0x00000040   Code   RO          864    i.rt_psq_enq        RTX_CM1.LIB(rt_list.o)
    0x000038a4   0x00000050   Code   RO          865    i.rt_put_dly        RTX_CM1.LIB(rt_list.o)
    0x000038f4   0x0000003c   Code   RO          866    i.rt_put_prio       RTX_CM1.LIB(rt_list.o)
    0x00003930   0x00000014   Code   RO          867    i.rt_put_rdy_first  RTX_CM1.LIB(rt_list.o)
    0x00003944   0x00000030   Code   RO          868    i.rt_resort_prio    RTX_CM1.LIB(rt_list.o)
    0x00003974   0x0000002a   Code   RO          869    i.rt_rmv_dly        RTX_CM1.LIB(rt_list.o)
    0x0000399e   0x00000002   PAD
    0x000039a0   0x00000034   Code   RO          870    i.rt_rmv_list       RTX_CM1.LIB(rt_list.o)
    0x000039d4   0x00000034   Code   RO          975    i.rt_sem_psh        RTX_CM1.LIB(rt_semaphore.o)
    0x00003a08   0x00000028   Code   RO          782    i.rt_stk_check      RTX_CM1.LIB(rt_system.o)
    0x00003a30   0x00000010   Code   RO          509    i.rt_switch_req     RTX_CM1.LIB(rt_task.o)
    0x00003a40   0x00000138   Code   RO          510    i.rt_sys_init       RTX_CM1.LIB(rt_task.o)
    0x00003b78   0x0000003c   Code   RO          784    i.rt_systick        RTX_CM1.LIB(rt_system.o)
    0x00003bb4   0x00000040   Code   RO         1011    i.rt_tmr_tick       RTX_CM1.LIB(rt_timer.o)
    0x00003bf4   0x0000007c   Code   RO          511    i.rt_tsk_create     RTX_CM1.LIB(rt_task.o)
    0x00003c70   0x00000140   Code   RO          512    i.rt_tsk_delete     RTX_CM1.LIB(rt_task.o)
    0x00003db0   0x00000184   Code   RO         1058    i.sinf              m_ps.l(sinf.o)
    0x00003f34   0x00000d20   Data   RO          250    .constdata          region.o
    0x00004c54   0x00000004   Data   RO          251    .constdata          region.o
    0x00004c58   0x00000ef7   Data   RO          272    .constdata          lucida_12x19.o
    0x00005b4f   0x00000001   PAD
    0x00005b50   0x00000002   Data   RO          295    .constdata          rtx_config.o
    0x00005b52   0x00000002   PAD
    0x00005b54   0x00000004   Data   RO          296    .constdata          rtx_config.o
    0x00005b58   0x00000004   Data   RO          298    .constdata          rtx_config.o
    0x00005b5c   0x00000001   Data   RO          299    .constdata          rtx_config.o
    0x00005b5d   0x00000003   PAD
    0x00005b60   0x00000008   Data   RO          300    .constdata          rtx_config.o
    0x00005b68   0x00000002   Data   RO          301    .constdata          rtx_config.o
    0x00005b6a   0x00000002   PAD
    0x00005b6c   0x00000004   Data   RO          302    .constdata          rtx_config.o
    0x00005b70   0x00000001   Data   RO          303    .constdata          rtx_config.o
    0x00005b71   0x00000001   PAD
    0x00005b72   0x00000002   Data   RO          304    .constdata          rtx_config.o
    0x00005b74   0x00000064   Data   RO          358    .constdata          tasks.o
    0x00005bd8   0x00000004   Data   RO          787    .constdata          RTX_CM1.LIB(rt_system.o)
    0x00005bdc   0x00000020   Data   RO         1413    .constdata          m_ps.l(rredf.o)
    0x00005bfc   0x00000020   Data   RO         1470    Region$$Table       anon$$obj.o


    Execution Region RW_IRAM1 (Base: 0x1ffff000, Size: 0x00000000, Max: 0x00001000, ABSOLUTE)

    **** No section assigned to this execution region ****


    Execution Region RW_IRAM2 (Base: 0x20000000, Size: 0x00001ac8, Max: 0x00003000, ABSOLUTE)

    Base Addr    Size         Type   Attr      Idx    E Section Name        Object

    0x20000000   0x00000004   Data   RW            4    .data               system_mkl25z4.o
    0x20000004   0x00000004   Data   RW          164    .data               timers.o
    0x20000008   0x00000004   Data   RW          215    .data               profile.o
    0x2000000c   0x00000004   Data   RW          216    .data               profile.o
    0x20000010   0x00000004   Data   RW          217    .data               profile.o
    0x20000014   0x00000001   Data   RW          218    .data               profile.o
    0x20000015   0x00000003   PAD
    0x20000018   0x00000004   Data   RW          305    .data               rtx_config.o
    0x2000001c   0x00000008   Data   RW          329    .data               sound.o
    0x20000024   0x00000024   Data   RW          359    .data               tasks.o
    0x20000048   0x0000000c   Data   RW          409    .data               dma.o
    0x20000054   0x00000020   Data   RW          465    .data               tft_lcd.o
    0x20000074   0x00000014   Data   RW          489    .data               tft_text.o
    0x20000088   0x00000008   Data   RW          517    .data               RTX_CM1.LIB(rt_task.o)
    0x20000090   0x00000004   Data   RW          707    .data               RTX_CM1.LIB(rt_time.o)
    0x20000094   0x00000008   Data   RW          788    .data               RTX_CM1.LIB(rt_system.o)
    0x2000009c   0x00000008   Data   RW         1012    .data               RTX_CM1.LIB(rt_timer.o)
    0x200000a4   0x00000004   Data   RW         1073    .data               mc_p.l(rand.o)
    0x200000a8   0x00000004   Data   RW         1442    .data               mc_p.l(mvars.o)
    0x200000ac   0x00000004   Data   RW         1443    .data               mc_p.l(mvars.o)
    0x200000b0   0x00000004   Data   RW         1447    .data               mc_p.l(errno.o)
    0x200000b4   0x000001a4   Zero   RW          248    .bss                region.o
    0x20000258   0x00000194   Zero   RW          291    .bss                rtx_config.o
    0x200003ec   0x00000004   PAD
    0x200003f0   0x00000710   Zero   RW          292    .bss                rtx_config.o
    0x20000b00   0x00000084   Zero   RW          293    .bss                rtx_config.o
    0x20000b84   0x0000001c   Zero   RW          294    .bss                rtx_config.o
    0x20000ba0   0x00000480   Zero   RW          328    .bss                sound.o
    0x20001020   0x00000240   Zero   RW          356    .bss                tasks.o
    0x20001260   0x00000038   Zero   RW          516    .bss                RTX_CM1.LIB(rt_task.o)
    0x20001298   0x00000030   Zero   RW          871    .bss                RTX_CM1.LIB(rt_list.o)
    0x200012c8   0x00000000   Zero   RW           48    HEAP                startup_mkl25z4.o
    0x200012c8   0x00000800   Zero   RW           47    STACK               startup_mkl25z4.o


==============================================================================

Image component sizes


      Code (inc. data)   RO Data    RW Data    ZI Data      Debug   Object Name

        48          4          0          0          0        979   delay.o
       224         42          0         12          0       2018   dma.o
       348         12          0          0          0       1652   i2c.o
       152         18          0          0          0        737   leds.o
         0          0       3831          0          0        570   lucida_12x19.o
       148         28          0          0          0       8768   main.o
       472         40          0          0          0       1997   mma8451.o
         0          0          0         13          0       1705   profile.o
         0          0       3364          0        420       1046   region.o
        10          0         28          4       2372       9435   rtx_config.o
       644         72          0          8       1152       3312   sound.o
        44         24        192          0       2048        832   startup_mkl25z4.o
       434         60          0          4          0      98797   system_mkl25z4.o
      1364        228        100         36        576       3862   tasks.o
       724          0          0          0          0       2546   tft_graphics.o
      2304        126          0         32          0       6374   tft_lcd.o
       616         10          0         20          0       4543   tft_text.o
       596         90          0          4          0       8871   timers.o

    ----------------------------------------------------------------------
      8128        754       7556        136       6572     158044   Object Totals
         0          0         32          0          0          0   (incl. Generated)
         0          0          9          3          4          0   (incl. Padding)

    ----------------------------------------------------------------------

      Code (inc. data)   RO Data    RW Data    ZI Data      Debug   Library Member Name

       468         50          0          0          0       1368   hal_cm1.o
       280         26          0          0          0       2491   rt_event.o
       528         34          0          0         48       6981   rt_list.o
       548         18          0          0          0       2415   rt_mailbox.o
       140          0          0          0          0       1629   rt_membox.o
       356         16          0          0          0       1729   rt_mutex.o
        52          6          0          0          0        469   rt_semaphore.o
       290         54          4          8          0       3626   rt_system.o
       964        156          0          8         56       6630   rt_task.o
        68         18          0          4          0       1005   rt_time.o
        64          8          0          8          0        647   rt_timer.o
         4          4          0          0          0        180   svc_table.o
        34          0          0          0          0         60   fpclassifyf.o
        36          0          0          0          0        204   funder.o
       434         18         32          0          0        168   rredf.o
       388         58          0          0          0        104   sinf.o
         0          0          0          0          0          0   entry.o
         0          0          0          0          0          0   entry10a.o
         0          0          0          0          0          0   entry11a.o
         8          4          0          0          0          0   entry2.o
         4          0          0          0          0          0   entry5.o
         0          0          0          0          0          0   entry7b.o
         0          0          0          0          0          0   entry8b.o
         8          4          0          0          0          0   entry9a.o
        12          6          0          4          0         60   errno.o
        30          0          0          0          0          0   handlers.o
        40          0          0          0          0         72   idiv.o
        36          8          0          0          0         68   init.o
         0          0          0          0          0          0   iusefp.o
        32          0          0          0          0         68   llshl.o
        38          0          0          0          0         68   llsshr.o
        34          0          0          0          0         68   llushr.o
       192         20          0          0          0        144   malloc.o
        36          0          0          0          0         60   memcpya.o
         0          0          0          8          0          0   mvars.o
       898          8          0          0          0        384   printf6.o
        36         12          0          4          0        120   rand.o
        44          0          0          0          0         72   uidiv.o
        56          0          0          0          0         68   d2f.o
       356          4          0          0          0        140   dadd.o
       236          0          0          0          0        216   depilogue.o
        60         10          0          0          0         68   dfixui.o
        28          4          0          0          0         68   dfltui.o
       208          6          0          0          0         88   dmul.o
        40          0          0          0          0         60   f2d.o
       178          0          0          0          0        108   fadd.o
       124          0          0          0          0         72   fdiv.o
       130          0          0          0          0        144   fepilogue.o
        50          0          0          0          0         60   ffixi.o
        40          0          0          0          0         60   ffixui.o
        22          0          0          0          0         68   fflti.o
        14          0          0          0          0         68   ffltui.o
       122          0          0          0          0         72   fmul.o
        62          0          0          0          0         68   frnd.o
        24          0          0          0          0         60   fscalb.o

    ----------------------------------------------------------------------
      7860        552         36         44        104      32378   Library Totals
         8          0          0          0          0          0   (incl. Padding)

    ----------------------------------------------------------------------

      Code (inc. data)   RO Data    RW Data    ZI Data      Debug   Library Name

      3762        390          4         28        104      29170   RTX_CM1.LIB
       892         76         32          0          0        536   m_ps.l
      1448         62          0         16          0       1184   mc_p.l
      1750         24          0          0          0       1488   mf_p.l

    ----------------------------------------------------------------------
      7860        552         36         44        104      32378   Library Totals

    ----------------------------------------------------------------------

==============================================================================


      Code (inc. data)   RO Data    RW Data    ZI Data      Debug   

     15988       1306       7592        180       6676     186078   Grand Totals
     15988       1306       7592        180       6676     186078   ELF Image Totals
     15988       1306       7592        180          0          0   ROM Totals

==============================================================================

    Total RO  Size (Code + RO Data)                23580 (  23.03kB)
    Total RW  Size (RW Data + ZI Data)              6856 (   6.70kB)
    Total ROM Size (Code + RO Data + RW Data)      23760 (  23.20kB)

==============================================================================

