Component: ARM Compiler 5.05 update 1 (build 106) Tool: armlink [4d0efa]

==============================================================================

Section Cross References

    system_mkl25z4.o(.text) refers to uidiv.o(.text) for __aeabi_uidivmod
    system_mkl25z4.o(.text) refers to system_mkl25z4.o(i.__ARM_common_switch8) for __ARM_common_switch8
    system_mkl25z4.o(.text) refers to system_mkl25z4.o(.data) for .data
    startup_mkl25z4.o(RESET) refers to startup_mkl25z4.o(STACK) for __initial_sp
    startup_mkl25z4.o(RESET) refers to startup_mkl25z4.o(.text) for Reset_Handler
    startup_mkl25z4.o(RESET) refers to hal_cm1.o(.emb_text) for SVC_Handler
    startup_mkl25z4.o(RESET) refers to dma.o(.text) for DMA0_IRQHandler
    startup_mkl25z4.o(RESET) refers to timers.o(.text) for TPM0_IRQHandler
    startup_mkl25z4.o(.text) refers to system_mkl25z4.o(.text) for SystemInit
    startup_mkl25z4.o(.text) refers to entry.o(.ARM.Collect$$$$00000000) for __main
    main.o(.text) refers to tasks.o(.text) for Init_Debug_Signals
    main.o(.text) refers to leds.o(.text) for Init_RGB_LEDs
    main.o(.text) refers to sound.o(.text) for Sound_Init
    main.o(.text) refers to tft_lcd.o(.text) for TFT_Init
    main.o(.text) refers to tft_text.o(.text) for TFT_Text_Init
    main.o(.text) refers to i2c.o(.text) for i2c_init
    main.o(.text) refers to mma8451.o(.text) for init_mma
    main.o(.text) refers to delay.o(.text) for Delay
    main.o(.text) refers to hal_cm1.o(.emb_text) for os_set_env
    main.o(.text) refers to rt_task.o(i.rt_sys_init) for rt_sys_init
    timers.o(.text) refers to profile.o(.data) for profiling_enabled
    timers.o(.text) refers to timers.o(.data) for .data
    timers.o(.text) refers to profile.o(.data) for profile_ticks
    timers.o(.text) refers to region.o(.constdata) for NumProfileRegions
    timers.o(.text) refers to region.o(.constdata) for RegionTable
    timers.o(.text) refers to region.o(.bss) for RegionCount
    timers.o(.text) refers to profile.o(.data) for adx_lost
    timers.o(.text) refers to profile.o(.data) for num_lost
    profile.o(.text) refers to timers.o(.text) for PIT_Init
    profile.o(.text) refers to uidiv.o(.text) for __aeabi_uidivmod
    profile.o(.text) refers to printfa.o(i.__0snprintf) for __2snprintf
    profile.o(.text) refers to tft_text.o(.text) for TFT_Text_PrintStr
    profile.o(.text) refers to region.o(.bss) for RegionCount
    profile.o(.text) refers to region.o(.constdata) for NumProfileRegions
    profile.o(.text) refers to profile.o(.data) for .data
    profile.o(.text) refers to region.o(.bss) for SortedRegions
    profile.o(.text) refers to tft_text.o(.data) for G_TFT_char_height
    profile.o(.text) refers to region.o(.constdata) for RegionTable
    sound.o(.text) refers to dfltui.o(.text) for __aeabi_ui2d
    sound.o(.text) refers to dmul.o(.text) for __aeabi_dmul
    sound.o(.text) refers to d2f.o(.text) for __aeabi_d2f
    sound.o(.text) refers to sinf.o(i.sinf) for sinf
    sound.o(.text) refers to fadd.o(.text) for __aeabi_fadd
    sound.o(.text) refers to fmul.o(.text) for __aeabi_fmul
    sound.o(.text) refers to ffixui.o(.text) for __aeabi_f2uiz
    sound.o(.text) refers to f2d.o(.text) for __aeabi_f2d
    sound.o(.text) refers to ffltui.o(.text) for __aeabi_ui2f
    sound.o(.text) refers to fscalb.o(.text) for __ARM_scalbnf
    sound.o(.text) refers to dadd.o(.text) for __aeabi_drsub
    sound.o(.text) refers to dfixui.o(.text) for __aeabi_d2uiz
    sound.o(.text) refers to dma.o(.text) for DMA_Init
    sound.o(.text) refers to timers.o(.text) for TPM0_Init
    sound.o(.text) refers to idiv.o(.text) for __aeabi_idivmod
    sound.o(.text) refers to delay.o(.text) for Delay
    sound.o(.text) refers to sound.o(.bss) for .bss
    sound.o(.text) refers to sound.o(.data) for .data
    sound.o(.text) refers to rt_time.o(i.rt_itv_set) for rt_itv_set
    sound.o(.text) refers to rt_time.o(i.rt_itv_wait) for rt_itv_wait
    sound.o(.text) refers to rt_event.o(i.rt_evt_wait) for rt_evt_wait
    tasks.o(.text) refers to tft_lcd.o(.text) for TFT_Fill_Rectangle
    tasks.o(.text) refers to fflti.o(.text) for __aeabi_i2f
    tasks.o(.text) refers to fadd.o(.text) for __aeabi_fadd
    tasks.o(.text) refers to ffixi.o(.text) for __aeabi_f2iz
    tasks.o(.text) refers to uidiv.o(.text) for __aeabi_uidivmod
    tasks.o(.text) refers to tft_text.o(.text) for TFT_Text_PrintStr_RC
    tasks.o(.text) refers to rand.o(.text) for rand
    tasks.o(.text) refers to idiv.o(.text) for __aeabi_idivmod
    tasks.o(.text) refers to mma8451.o(.text) for read_full_xyz
    tasks.o(.text) refers to f2d.o(.text) for __aeabi_f2d
    tasks.o(.text) refers to printfa.o(i.__0sprintf) for __2sprintf
    tasks.o(.text) refers to sound.o(.text) for Sound_Disable_Amp
    tasks.o(.text) refers to tft_graphics.o(.text) for TFT_Draw_Line
[...]
    dadd.o(.text) refers (Special) to iusefp.o(.text) for __I$use$fp
    dadd.o(.text) refers to llshl.o(.text) for __aeabi_llsl
    dadd.o(.text) refers to llsshr.o(.text) for __aeabi_lasr
    dadd.o(.text) refers to depilogue.o(.text) for _double_epilogue
    dmul.o(.text) refers (Special) to iusefp.o(.text) for __I$use$fp
    dmul.o(.text) refers to depilogue.o(.text) for _double_epilogue
    fflti.o(.text) refers (Special) to iusefp.o(.text) for __I$use$fp
    fflti.o(.text) refers to fepilogue.o(.text) for _float_epilogue
    ffltui.o(.text) refers (Special) to iusefp.o(.text) for __I$use$fp
    ffltui.o(.text) refers to fepilogue.o(.text) for _float_epilogue
    dfltui.o(.text) refers (Special) to iusefp.o(.text) for __I$use$fp
    dfltui.o(.text) refers to depilogue.o(.text) for _double_epilogue
    ffixi.o(.text) refers (Special) to iusefp.o(.text) for __I$use$fp
    ffixui.o(.text) refers (Special) to iusefp.o(.text) for __I$use$fp
    dfixui.o(.text) refers (Special) to iusefp.o(.text) for __I$use$fp
    dfixui.o(.text) refers to llushr.o(.text) for __aeabi_llsr
    f2d.o(.text) refers (Special) to iusefp.o(.text) for __I$use$fp
    d2f.o(.text) refers (Special) to iusefp.o(.text) for __I$use$fp
    d2f.o(.text) refers to fepilogue.o(.text) for _float_round
    fpclassifyf.o(i.__ARM_fpclassifyf) refers (Special) to iusefp.o(.text) for __I$use$fp
    funder.o(i.__mathlib_flt_divzero) refers to fdiv.o(.text) for __aeabi_fdiv
    funder.o(i.__mathlib_flt_infnan) refers to fscalb.o(.text) for __ARM_scalbnf
    funder.o(i.__mathlib_flt_infnan2) refers to fadd.o(.text) for __aeabi_fadd
    funder.o(i.__mathlib_flt_invalid) refers to fdiv.o(.text) for __aeabi_fdiv
    funder.o(i.__mathlib_flt_overflow) refers to fscalb.o(.text) for __ARM_scalbnf
    funder.o(i.__mathlib_flt_posinfnan) refers to fmul.o(.text) for __aeabi_fmul
    funder.o(i.__mathlib_flt_underflow) refers to fscalb.o(.text) for __ARM_scalbnf
    rredf.o(i.__mathlib_rredf2) refers (Special) to iusefp.o(.text) for __I$use$fp
    rredf.o(i.__mathlib_rredf2) refers to rredf.o(i.__ARM_common_ll_muluu) for __ARM_common_ll_muluu
    rredf.o(i.__mathlib_rredf2) refers to fflti.o(.text) for __aeabi_i2f
    rredf.o(i.__mathlib_rredf2) refers to ffltui.o(.text) for __aeabi_ui2f
    rredf.o(i.__mathlib_rredf2) refers to fscalb.o(.text) for __ARM_scalbnf
    rredf.o(i.__mathlib_rredf2) refers to fadd.o(.text) for __aeabi_fadd
    rredf.o(i.__mathlib_rredf2) refers to fmul.o(.text) for __aeabi_fmul
    rredf.o(i.__mathlib_rredf2) refers to rredf.o(.constdata) for .constdata
    rredf.o(.constdata) refers (Special) to iusefp.o(.text) for __I$use$fp
    entry2.o(.ARM.Collect$$$$00000001) refers to entry2.o(.ARM.Collect$$$$00002712) for __lit__00000000
    entry2.o(.ARM.Collect$$$$00002712) refers to startup_mkl25z4.o(STACK) for __initial_sp
    entry2.o(__vectab_stack_and_reset_area) refers to startup_mkl25z4.o(STACK) for __initial_sp
    entry2.o(__vectab_stack_and_reset_area) refers to entry.o(.ARM.Collect$$$$00000000) for __main
    entry5.o(.ARM.Collect$$$$00000004) refers to init.o(.text) for __scatterload
    entry9a.o(.ARM.Collect$$$$0000000B) refers to main.o(.text) for main
    entry9b.o(.ARM.Collect$$$$0000000C) refers to main.o(.text) for main
    fputc.o(i.fputc) refers (Special) to iusesemip.o(.text) for __I$use$semihosting$fputc
    fputc.o(i.fputc) refers (Special) to semi.o(.text) for __semihosting_library_function
    uldiv.o(.text) refers to llushr.o(.text) for __aeabi_llsr
    uldiv.o(.text) refers to llshl.o(.text) for __aeabi_llsl
    errno.o(i.__aeabi_errno_addr) refers to errno.o(.data) for .data
    errno.o(i.__read_errno) refers to errno.o(.data) for .data
    errno.o(i.__set_errno) refers to errno.o(.data) for .data
    frnd.o(.text) refers to fepilogue.o(.text) for _float_round
    depilogue.o(.text) refers to depilogue.o(i.__ARM_clz) for __ARM_clz
    depilogue.o(.text) refers to llshl.o(.text) for __aeabi_llsl
    depilogue.o(.text) refers to llushr.o(.text) for __aeabi_llsr
    ddiv.o(.text) refers to depilogue.o(.text) for _double_round
    dfixul.o(.text) refers to llushr.o(.text) for __aeabi_llsr
    dfixul.o(.text) refers to llshl.o(.text) for __aeabi_llsl
    init.o(.text) refers to entry5.o(.ARM.Collect$$$$00000004) for __main_after_scatterload
    rredf.o(i.__ARM_common_ll_muluu) refers (Special) to iusefp.o(.text) for __I$use$fp


==============================================================================

Removing Unused input sections from the image.

    Removing system_mkl25z4.o(.rev16_text), (4 bytes).
    Removing system_mkl25z4.o(.revsh_text), (4 bytes).
    Removing startup_mkl25z4.o(HEAP), (0 bytes).
    Removing main.o(.rev16_text), (4 bytes).
    Removing main.o(.revsh_text), (4 bytes).
    Removing leds.o(.rev16_text), (4 bytes).
    Removing leds.o(.revsh_text), (4 bytes).
    Removing timers.o(.rev16_text), (4 bytes).
    Removing timers.o(.revsh_text), (4 bytes).
    Removing timers.o(.data), (4 bytes).
    Removing timers.o(.data), (4 bytes).
    Removing delay.o(.rev16_text), (4 bytes).
    Removing delay.o(.revsh_text), (4 bytes).
    Removing profile.o(.rev16_text), (4 bytes).
    Removing profile.o(.revsh_text), (4 bytes).
    Removing profile.o(.text), (312 bytes).
    Removing region.o(.bss), (420 bytes).
    Removing lucida_8x13.o(.constdata), (1640 bytes).
    Removing lucida_20x31.o(.constdata), (8762 bytes).
    Removing rtx_config.o(.constdata), (4 bytes).
    Removing sound.o(.rev16_text), (4 bytes).
    Removing sound.o(.revsh_text), (4 bytes).
    Removing tasks.o(.rev16_text), (4 bytes).
    Removing tasks.o(.revsh_text), (4 bytes).
    Removing tasks.o(.bss), (16 bytes).
    Removing i2c.o(.rev16_text), (4 bytes).
    Removing i2c.o(.revsh_text), (4 bytes).
    Removing dma.o(.rev16_text), (4 bytes).
    Removing dma.o(.revsh_text), (4 bytes).
    Removing mma8451.o(.rev16_text), (4 bytes).
    Removing mma8451.o(.revsh_text), (4 bytes).
    Removing tft_lcd.o(.rev16_text), (4 bytes).
    Removing tft_lcd.o(.revsh_text), (4 bytes).
    Removing tft_text.o(.constdata), (3 bytes).
    Removing tft_text.o(.constdata), (3 bytes).
    Removing tft_text.o(.data), (8 bytes).
    Removing rt_task.o(i.rt_tsk_pass), (44 bytes).
    Removing rt_task.o(i.rt_tsk_prio), (144 bytes).
    Removing rt_task.o(i.rt_tsk_self), (16 bytes).
    Removing rt_event.o(i.rt_evt_clr), (28 bytes).
    Removing rt_event.o(i.rt_evt_get), (12 bytes).
    Removing rt_event.o(i.rt_evt_set), (92 bytes).
    Removing rt_time.o(i.rt_dly_wait), (10 bytes).
    Removing rt_time.o(i.rt_time_get), (12 bytes).
    Removing rt_system.o(.emb_text), (0 bytes).
    Removing rt_system.o(i.rt_resume), (176 bytes).
    Removing rt_system.o(i.rt_suspend), (52 bytes).
    Removing rt_system.o(i.rt_tsk_lock), (84 bytes).
    Removing rt_system.o(i.rt_tsk_unlock), (84 bytes).
    Removing rt_list.o(i.rt_get_same_rdy_prio), (36 bytes).
    Removing rt_membox.o(i._calloc_box), (32 bytes).
    Removing rt_mailbox.o(i.isr_mbx_receive), (74 bytes).
    Removing rt_mailbox.o(i.isr_mbx_send), (12 bytes).
    Removing rt_mailbox.o(i.rt_mbx_check), (8 bytes).
    Removing rt_mailbox.o(i.rt_mbx_init), (32 bytes).
    Removing rt_mailbox.o(i.rt_mbx_send), (160 bytes).
    Removing rt_mailbox.o(i.rt_mbx_wait), (176 bytes).
    Removing rt_semaphore.o(i.isr_sem_send), (14 bytes).
    Removing rt_semaphore.o(i.rt_sem_init), (12 bytes).
    Removing rt_semaphore.o(i.rt_sem_send), (60 bytes).
    Removing rt_semaphore.o(i.rt_sem_wait), (68 bytes).
    Removing rt_timer.o(i.rt_tmr_create), (80 bytes).
    Removing rt_timer.o(i.rt_tmr_kill), (52 bytes).
    Removing rt_robin.o(i.rt_chk_robin), (68 bytes).
    Removing rt_robin.o(i.rt_init_robin), (24 bytes).
    Removing rt_robin.o(.data), (8 bytes).

66 unused section(s) (total 12942 bytes) removed from the image.

==============================================================================

Image Symbol Table

    Local Symbols

    Symbol Name                              Value     Ov Type        Size  Object(Section)

    RESET                                    0x00000000   Section      192  startup_mkl25z4.o(RESET)
    ../clib/microlib/division.c              0x00000000   Number         0  idiv.o ABSOLUTE
    ../clib/microlib/division.c              0x00000000   Number         0  uidiv.o ABSOLUTE
    ../clib/microlib/division.c              0x00000000   Number         0  uldiv.o ABSOLUTE
    ../clib/microlib/errno.c                 0x00000000   Number         0  errno.o ABSOLUTE
    ../clib/microlib/init/entry.s            0x00000000   Number         0  entry9b.o ABSOLUTE
    ../clib/microlib/init/entry.s            0x00000000   Number         0  entry2.o ABSOLUTE
    ../clib/microlib/init/entry.s            0x00000000   Number         0  entry10a.o ABSOLUTE
    ../clib/microlib/init/entry.s            0x00000000   Number         0  entry5.o ABSOLUTE
    ../clib/microlib/init/entry.s            0x00000000   Number         0  entry.o ABSOLUTE
    ../clib/microlib/init/entry.s            0x00000000   Number         0  entry10b.o ABSOLUTE
    ../clib/microlib/init/entry.s            0x00000000   Number         0  entry11a.o ABSOLUTE
    ../clib/microlib/init/entry.s            0x00000000   Number         0  entry11b.o ABSOLUTE
    ../clib/microlib/init/entry.s            0x00000000   Number         0  entry7a.o ABSOLUTE
    ../clib/microlib/init/entry.s            0x00000000   Number         0  entry7b.o ABSOLUTE
    ../clib/microlib/init/entry.s            0x00000000   Number         0  entry8a.o ABSOLUTE
    ../clib/microlib/init/entry.s            0x00000000   Number         0  entry8b.o ABSOLUTE
    ../clib/microlib/init/entry.s            0x00000000   Number         0  entry9a.o ABSOLUTE
    ../clib/microlib/longlong.c              0x00000000   Number         0  llshl.o ABSOLUTE
    ../clib/microlib/longlong.c              0x00000000   Number         0  llushr.o ABSOLUTE
    ../clib/microlib/longlong.c              0x00000000   Number         0  llsshr.o ABSOLUTE
    ../clib/microlib/printf/printf.c         0x00000000   Number         0  printf8.o ABSOLUTE
    ../clib/microlib/printf/printf.c         0x00000000   Number         0  printfb.o ABSOLUTE
    ../clib/microlib/printf/printf.c         0x00000000   Number         0  printfa.o ABSOLUTE
    ../clib/microlib/printf/printf.c         0x00000000   Number         0  printf7.o ABSOLUTE
    ../clib/microlib/printf/printf.c         0x00000000   Number         0  printf6.o ABSOLUTE
    ../clib/microlib/printf/printf.c         0x00000000   Number         0  printf5.o ABSOLUTE
    ../clib/microlib/printf/printf.c         0x00000000   Number         0  printf4.o ABSOLUTE
    ../clib/microlib/printf/printf.c         0x00000000   Number         0  printf3.o ABSOLUTE
    ../clib/microlib/printf/printf.c         0x00000000   Number         0  printf2.o ABSOLUTE
    ../clib/microlib/printf/printf.c         0x00000000   Number         0  printf1.o ABSOLUTE
    ../clib/microlib/printf/printf.c         0x00000000   Number         0  printf0.o ABSOLUTE
    ../clib/microlib/printf/stubs.s          0x00000000   Number         0  stubs.o ABSOLUTE
    ../clib/microlib/stdio/fputc.c           0x00000000   Number         0  fputc.o ABSOLUTE
    ../clib/microlib/stdio/semi.s            0x00000000   Number         0  semi.o ABSOLUTE
    ../clib/microlib/stdio/streams.c         0x00000000   Number         0  stdout.o ABSOLUTE
    ../clib/microlib/stdlib/rand.c           0x00000000   Number         0  rand.o ABSOLUTE
    ../clib/microlib/stubs.s                 0x00000000   Number         0  iusefp.o ABSOLUTE
    ../clib/microlib/stubs.s                 0x00000000   Number         0  iusesemip.o ABSOLUTE
    ../fplib/microlib/d2f.c                  0x00000000   Number         0  d2f.o ABSOLUTE
    ../fplib/microlib/f2d.c                  0x00000000   Number         0  f2d.o ABSOLUTE
    ../fplib/microlib/fpadd.c                0x00000000   Number         0  dadd.o ABSOLUTE
    ../fplib/microlib/fpadd.c                0x00000000   Number         0  fadd.o ABSOLUTE
    ../fplib/microlib/fpdiv.c                0x00000000   Number         0  ddiv.o ABSOLUTE
    ../fplib/microlib/fpdiv.c                0x00000000   Number         0  fdiv.o ABSOLUTE
    ../fplib/microlib/fpepilogue.c           0x00000000   Number         0  depilogue.o ABSOLUTE
    ../fplib/microlib/fpepilogue.c           0x00000000   Number         0  fepilogue.o ABSOLUTE
    ../fplib/microlib/fpfix.c                0x00000000   Number         0  ffixi.o ABSOLUTE
    ../fplib/microlib/fpfix.c                0x00000000   Number         0  ffixui.o ABSOLUTE
    ../fplib/microlib/fpfix.c                0x00000000   Number         0  dfixui.o ABSOLUTE
    ../fplib/microlib/fpfix.c                0x00000000   Number         0  dfixul.o ABSOLUTE
    ../fplib/microlib/fpflt.c                0x00000000   Number         0  ffltui.o ABSOLUTE
    ../fplib/microlib/fpflt.c                0x00000000   Number         0  fflti.o ABSOLUTE
    ../fplib/microlib/fpflt.c                0x00000000   Number         0  dfltui.o ABSOLUTE
    ../fplib/microlib/fpmul.c                0x00000000   Number         0  dmul.o ABSOLUTE
    ../fplib/microlib/fpmul.c                0x00000000   Number         0  fmul.o ABSOLUTE
    ../fplib/microlib/fprnd.c                0x00000000   Number         0  frnd.o ABSOLUTE
    ../fplib/microlib/fpscalb.c              0x00000000   Number         0  fscalb.o ABSOLUTE
    ../mathlib/fpclassifyf.c                 0x00000000   Number         0  fpclassifyf.o ABSOLUTE
    ../mathlib/funder.c                      0x00000000   Number         0  funder.o ABSOLUTE
    ../mathlib/rredf.c                       0x00000000   Number         0  rredf.o ABSOLUTE
    ../mathlib/sinf.c                        0x00000000   Number         0  sinf.o ABSOLUTE
    ../mathlib/sinf.c                        0x00000000   Number         0  sinf_x.o ABSOLUTE
    SRC\CM\HAL_CM1.c                         0x00000000   Number         0  hal_cm1.o ABSOLUTE
    SRC\CM\SVC_Table.s                       0x00000000   Number         0  svc_table.o ABSOLUTE
    SRC\CM\rt_Event.c                        0x00000000   Number         0  rt_event.o ABSOLUTE
    SRC\CM\rt_List.c                         0x00000000   Number         0  rt_list.o ABSOLUTE
    SRC\CM\rt_Mailbox.c                      0x00000000   Number         0  rt_mailbox.o ABSOLUTE
    SRC\CM\rt_MemBox.c                       0x00000000   Number         0  rt_membox.o ABSOLUTE
    SRC\CM\rt_Mutex.c                        0x00000000   Number         0  rt_mutex.o ABSOLUTE
    SRC\CM\rt_Robin.c                        0x00000000   Number         0  rt_robin.o ABSOLUTE
    SRC\CM\rt_Semaphore.c                    0x00000000   Number         0  rt_semaphore.o ABSOLUTE
    SRC\CM\rt_System.c                       0x00000000   Number         0  rt_system.o ABSOLUTE
    SRC\CM\rt_Task.c                         0x00000000   Number         0  rt_task.o ABSOLUTE
    SRC\CM\rt_Time.c                         0x00000000   Number         0  rt_time.o ABSOLUTE
    SRC\CM\rt_Timer.c                        0x00000000   Number         0  rt_timer.o ABSOLUTE
    SRC\\CM\\HAL_CM1.c                       0x00000000   Number         0  hal_cm1.o ABSOLUTE
    SRC\\CM\\rt_System.c                     0x00000000   Number         0  rt_system.o ABSOLUTE
    asm\startup_MKL25Z4.s                    0x00000000   Number         0  startup_mkl25z4.o ABSOLUTE
    cdrcmple.s                               0x00000000   Number         0  cdrcmple.o ABSOLUTE
    dc.s                                     0x00000000   Number         0  dc.o ABSOLUTE
    handlers.s                               0x00000000   Number         0  handlers.o ABSOLUTE
    init.s                                   0x00000000   Number         0  init.o ABSOLUTE
    src\DMA.c                                0x00000000   Number         0  dma.o ABSOLUTE
    src\I2C.c                                0x00000000   Number         0  i2c.o ABSOLUTE
    src\LEDs.c                               0x00000000   Number         0  leds.o ABSOLUTE
    src\MMA8451.c                            0x00000000   Number         0  mma8451.o ABSOLUTE
    src\RTX_Config.c                         0x00000000   Number         0  rtx_config.o ABSOLUTE
    src\TFT_graphics.c                       0x00000000   Number         0  tft_graphics.o ABSOLUTE
    src\TFT_lcd.c                            0x00000000   Number         0  tft_lcd.o ABSOLUTE
    src\TFT_text.c                           0x00000000   Number         0  tft_text.o ABSOLUTE
    src\\DMA.c                               0x00000000   Number         0  dma.o ABSOLUTE
    src\\I2C.c                               0x00000000   Number         0  i2c.o ABSOLUTE
    src\\LEDs.c                              0x00000000   Number         0  leds.o ABSOLUTE
    src\\MMA8451.c                           0x00000000   Number         0  mma8451.o ABSOLUTE
    src\\TFT_lcd.c                           0x00000000   Number         0  tft_lcd.o ABSOLUTE
    src\\delay.c                             0x00000000   Number         0  delay.o ABSOLUTE
    src\\main.c                              0x00000000   Number         0  main.o ABSOLUTE
    src\\profile.c                           0x00000000   Number         0  profile.o ABSOLUTE
    src\\sound.c                             0x00000000   Number         0  sound.o ABSOLUTE
    src\\system_MKL25Z4.c                    0x00000000   Number         0  system_mkl25z4.o ABSOLUTE
    src\\tasks.c                             0x00000000   Number         0  tasks.o ABSOLUTE
    src\\timers.c                            0x00000000   Number         0  timers.o ABSOLUTE
    src\delay.c                              0x00000000   Number         0  delay.o ABSOLUTE
    src\lucida_12x19.c                       0x00000000   Number         0  lucida_12x19.o ABSOLUTE
    src\lucida_20x31.c                       0x00000000   Number         0  lucida_20x31.o ABSOLUTE
    src\lucida_8x13.c                        0x00000000   Number         0  lucida_8x13.o ABSOLUTE
    src\main.c                               0x00000000   Number         0  main.o ABSOLUTE
    src\profile.c                            0x00000000   Number         0  profile.o ABSOLUTE
    src\region.c                             0x00000000   Number         0  region.o ABSOLUTE
    src\sound.c                              0x00000000   Number         0  sound.o ABSOLUTE
    src\system_MKL25Z4.c                     0x00000000   Number         0  system_mkl25z4.o ABSOLUTE
    src\tasks.c                              0x00000000   Number         0  tasks.o ABSOLUTE
    src\timers.c                             0x00000000   Number         0  timers.o ABSOLUTE
    .ARM.Collect$$$$00000000                 0x000000c0   Section        0  entry.o(.ARM.Collect$$$$00000000)
    .ARM.Collect$$$$00000001                 0x000000c0   Section        4  entry2.o(.ARM.Collect$$$$00000001)
    .ARM.Collect$$$$00000004                 0x000000c4   Section        4  entry5.o(.ARM.Collect$$$$00000004)
    .ARM.Collect$$$$00000008                 0x000000c8   Section        0  entry7b.o(.ARM.Collect$$$$00000008)
    .ARM.Collect$$$$0000000A                 0x000000c8   Section        0  entry8b.o(.ARM.Collect$$$$0000000A)
    .ARM.Collect$$$$0000000B                 0x000000c8   Section        8  entry9a.o(.ARM.Collect$$$$0000000B)
    .ARM.Collect$$$$0000000D                 0x000000d0   Section        0  entry10a.o(.ARM.Collect$$$$0000000D)
    .ARM.Collect$$$$0000000F                 0x000000d0   Section        0  entry11a.o(.ARM.Collect$$$$0000000F)
    .ARM.Collect$$$$00002712                 0x000000d0   Section        4  entry2.o(.ARM.Collect$$$$00002712)
    __lit__00000000                          0x000000d0   Data           4  entry2.o(.ARM.Collect$$$$00002712)
    .emb_text                                0x000000d4   Section      392  hal_cm1.o(.emb_text)
    .text                                    0x0000025c   Section        0  system_mkl25z4.o(.text)
    .text                                    0x000003f4   Section        0  rtx_config.o(.text)
    .text                                    0x000003fe   Section        0  iusefp.o(.text)
    i.__scatterload_null                     0x000003fe   Section        2  handlers.o(i.__scatterload_null)
    .ARM.__at_0x400                          0x00000400   Section       16  startup_mkl25z4.o(.ARM.__at_0x400)
    .text                                    0x00000410   Section       28  startup_mkl25z4.o(.text)
    .text                                    0x0000042c   Section        0  main.o(.text)
    .text                                    0x000004c4   Section        0  leds.o(.text)
    .text                                    0x0000055c   Section        0  timers.o(.text)
    .text                                    0x000007b0   Section        0  delay.o(.text)
    .text                                    0x000007e0   Section        0  sound.o(.text)
    .text                                    0x00000a64   Section        0  tasks.o(.text)
    .text                                    0x00000dc4   Section        0  i2c.o(.text)
    .text                                    0x00000f20   Section        0  dma.o(.text)
    .text                                    0x00001000   Section        0  mma8451.o(.text)
    .text                                    0x000011d8   Section        0  tft_graphics.o(.text)
    .text                                    0x0000148c   Section        0  tft_lcd.o(.text)
    .text                                    0x00001d8c   Section        0  tft_text.o(.text)
    .text                                    0x00001fe8   Section        0  uidiv.o(.text)
    .text                                    0x00002014   Section        0  idiv.o(.text)
    .text                                    0x0000203c   Section        0  rand.o(.text)
    .text                                    0x00002060   Section        0  fadd.o(.text)
    .text                                    0x00002112   Section        0  fmul.o(.text)
    .text                                    0x0000218c   Section        0  fdiv.o(.text)
    .text                                    0x00002208   Section        0  fscalb.o(.text)
    .text                                    0x00002220   Section        0  dadd.o(.text)
    .text                                    0x00002384   Section        0  dmul.o(.text)
    .text                                    0x00002454   Section        0  fflti.o(.text)
    .text                                    0x0000246a   Section        0  ffltui.o(.text)
    .text                                    0x00002478   Section        0  dfltui.o(.text)
    .text                                    0x00002494   Section        0  ffixi.o(.text)
    .text                                    0x000024c6   Section        0  ffixui.o(.text)
    .text                                    0x000024f0   Section        0  dfixui.o(.text)
    .text                                    0x0000252c   Section        0  f2d.o(.text)
    .text                                    0x00002554   Section        0  d2f.o(.text)
    .text                                    0x0000258c   Section        0  uldiv.o(.text)
    .text                                    0x000025ec   Section        0  llshl.o(.text)
    .text                                    0x0000260c   Section        0  llushr.o(.text)
    .text                                    0x0000262e   Section        0  llsshr.o(.text)
    .text                                    0x00002654   Section        0  fepilogue.o(.text)
    .text                                    0x000026d6   Section        0  frnd.o(.text)
    .text                                    0x00002714   Section        0  depilogue.o(.text)
    .text                                    0x000027d4   Section        0  ddiv.o(.text)
    .text                                    0x000028c4   Section        0  dfixul.o(.text)
    .text                                    0x00002904   Section       40  cdrcmple.o(.text)
    .text                                    0x0000292c   Section       36  init.o(.text)
    SVC_TABLE                                0x00002950   Section        4  svc_table.o(SVC_TABLE)
    i.__0sprintf                             0x00002954   Section        0  printfa.o(i.__0sprintf)
    i.__ARM_clz                              0x0000297c   Section        0  depilogue.o(i.__ARM_clz)
    i.__ARM_common_ll_muluu                  0x000029aa   Section        0  rredf.o(i.__ARM_common_ll_muluu)
    i.__ARM_common_switch8                   0x000029dc   Section        0  system_mkl25z4.o(i.__ARM_common_switch8)
    i.__ARM_fpclassifyf                      0x000029f6   Section        0  fpclassifyf.o(i.__ARM_fpclassifyf)
    i.__mathlib_flt_infnan                   0x00002a18   Section        0  funder.o(i.__mathlib_flt_infnan)
    i.__mathlib_flt_invalid                  0x00002a22   Section        0  funder.o(i.__mathlib_flt_invalid)
    i.__mathlib_flt_underflow                0x00002a2e   Section        0  funder.o(i.__mathlib_flt_underflow)
    i.__mathlib_rredf2                       0x00002a3c   Section        0  rredf.o(i.__mathlib_rredf2)
    i.__scatterload_copy                     0x00002bbc   Section       14  handlers.o(i.__scatterload_copy)
    i.__scatterload_zeroinit                 0x00002bca   Section       14  handlers.o(i.__scatterload_zeroinit)
    i.__set_errno                            0x00002bd8   Section        0  errno.o(i.__set_errno)
    i._fp_digits                             0x00002be4   Section        0  printfa.o(i._fp_digits)
    _fp_digits                               0x00002be5   Thumb Code   316  printfa.o(i._fp_digits)
    i._init_box                              0x00002d3c   Section        0  rt_membox.o(i._init_box)
    i._printf_core                           0x00002d84   Section        0  printfa.o(i._printf_core)
    _printf_core                             0x00002d85   Thumb Code  1754  printfa.o(i._printf_core)
    i._printf_post_padding                   0x00003470   Section        0  printfa.o(i._printf_post_padding)
    _printf_post_padding                     0x00003471   Thumb Code    32  printfa.o(i._printf_post_padding)
    i._printf_pre_padding                    0x00003490   Section        0  printfa.o(i._printf_pre_padding)
    _printf_pre_padding                      0x00003491   Thumb Code    44  printfa.o(i._printf_pre_padding)
    i._sputc                                 0x000034bc   Section        0  printfa.o(i._sputc)
    _sputc                                   0x000034bd   Thumb Code    10  printfa.o(i._sputc)
    i.isr_evt_set                            0x000034c8   Section        0  rt_event.o(i.isr_evt_set)
    i.os_tick_init                           0x000034ec   Section        0  rt_system.o(i.os_tick_init)
    i.os_tick_irqack                         0x00003518   Section        0  rt_system.o(i.os_tick_irqack)
    i.rt_alloc_box                           0x0000351a   Section        0  rt_membox.o(i.rt_alloc_box)
    i.rt_block                               0x00003538   Section        0  rt_task.o(i.rt_block)
    i.rt_dec_dly                             0x00003570   Section        0  rt_list.o(i.rt_dec_dly)
    i.rt_dispatch                            0x000035e8   Section        0  rt_task.o(i.rt_dispatch)
    i.rt_evt_psh                             0x00003628   Section        0  rt_event.o(i.rt_evt_psh)
    i.rt_evt_wait                            0x00003674   Section        0  rt_event.o(i.rt_evt_wait)
    i.rt_free_box                            0x000036b4   Section        0  rt_membox.o(i.rt_free_box)
    i.rt_get_first                           0x000036da   Section        0  rt_list.o(i.rt_get_first)
    i.rt_init_context                        0x00003704   Section        0  rt_task.o(i.rt_init_context)
    rt_init_context                          0x00003705   Thumb Code    68  rt_task.o(i.rt_init_context)
    i.rt_init_stack                          0x0000374c   Section        0  hal_cm1.o(i.rt_init_stack)
    i.rt_itv_set                             0x00003798   Section        0  rt_time.o(i.rt_itv_set)
    i.rt_itv_wait                            0x000037b0   Section        0  rt_time.o(i.rt_itv_wait)
    i.rt_mbx_psh                             0x000037dc   Section        0  rt_mailbox.o(i.rt_mbx_psh)
    i.rt_mut_init                            0x00003890   Section        0  rt_mutex.o(i.rt_mut_init)
    i.rt_mut_release                         0x000038a0   Section        0  rt_mutex.o(i.rt_mut_release)
    i.rt_mut_wait                            0x00003984   Section        0  rt_mutex.o(i.rt_mut_wait)
    i.rt_pop_req                             0x000039f4   Section        0  rt_system.o(i.rt_pop_req)
    i.rt_psh_req                             0x00003a64   Section        0  rt_system.o(i.rt_psh_req)
    i.rt_psq_enq                             0x00003a84   Section        0  rt_list.o(i.rt_psq_enq)
    i.rt_put_dly                             0x00003ac4   Section        0  rt_list.o(i.rt_put_dly)
    i.rt_put_prio                            0x00003b14   Section        0  rt_list.o(i.rt_put_prio)
    i.rt_put_rdy_first                       0x00003b50   Section        0  rt_list.o(i.rt_put_rdy_first)
    i.rt_resort_prio                         0x00003b64   Section        0  rt_list.o(i.rt_resort_prio)
    i.rt_rmv_dly                             0x00003b94   Section        0  rt_list.o(i.rt_rmv_dly)
    i.rt_rmv_list                            0x00003bc0   Section        0  rt_list.o(i.rt_rmv_list)
    i.rt_sem_psh                             0x00003bf4   Section        0  rt_semaphore.o(i.rt_sem_psh)
    i.rt_stk_check                           0x00003c28   Section        0  rt_system.o(i.rt_stk_check)
    i.rt_switch_req                          0x00003c50   Section        0  rt_task.o(i.rt_switch_req)
    i.rt_sys_init                            0x00003c60   Section        0  rt_task.o(i.rt_sys_init)
    i.rt_systick                             0x00003d98   Section        0  rt_system.o(i.rt_systick)
    i.rt_tmr_tick                            0x00003dd4   Section        0  rt_timer.o(i.rt_tmr_tick)
    i.rt_tsk_create                          0x00003e14   Section        0  rt_task.o(i.rt_tsk_create)
    i.rt_tsk_delete                          0x00003e90   Section        0  rt_task.o(i.rt_tsk_delete)
    i.sinf                                   0x00003fd0   Section        0  sinf.o(i.sinf)
    .constdata                               0x00004154   Section     3360  region.o(.constdata)
    .constdata                               0x00004e74   Section        4  region.o(.constdata)
    .constdata                               0x00004e78   Section     3831  lucida_12x19.o(.constdata)
    .constdata                               0x00005d70   Section        2  rtx_config.o(.constdata)
    .constdata                               0x00005d74   Section        4  rtx_config.o(.constdata)
    .constdata                               0x00005d78   Section        4  rtx_config.o(.constdata)
    .constdata                               0x00005d7c   Section        1  rtx_config.o(.constdata)
    .constdata                               0x00005d80   Section        8  rtx_config.o(.constdata)
    __tagsym$$used                           0x00005d80   Number         0  rtx_config.o(.constdata)
    __tagsym$$used                           0x00005d84   Number         0  rtx_config.o(.constdata)
    .constdata                               0x00005d88   Section        2  rtx_config.o(.constdata)
    .constdata                               0x00005d8c   Section        4  rtx_config.o(.constdata)
    .constdata                               0x00005d90   Section        1  rtx_config.o(.constdata)
    .constdata                               0x00005d92   Section        2  rtx_config.o(.constdata)
    .constdata                               0x00005d94   Section        4  rt_system.o(.constdata)
    __tagsym$$used                           0x00005d94   Number         0  rt_system.o(.constdata)
    .constdata                               0x00005d98   Section       32  rredf.o(.constdata)
    twooverpi                                0x00005d98   Data          32  rredf.o(.constdata)
    .data                                    0x20000000   Section        4  system_mkl25z4.o(.data)
    .data                                    0x20000004   Section        4  timers.o(.data)
    .data                                    0x20000008   Section        4  profile.o(.data)
    .data                                    0x2000000c   Section        4  profile.o(.data)
    .data                                    0x20000010   Section        4  profile.o(.data)
    .data                                    0x20000014   Section        1  profile.o(.data)
    .data                                    0x20000018   Section        4  rtx_config.o(.data)
    .data                                    0x2000001c   Section        8  sound.o(.data)
    lfsr                                     0x2000001c   Data           2  sound.o(.data)
    bit                                      0x2000001e   Data           2  sound.o(.data)
    .data                                    0x20000024   Section       32  tasks.o(.data)
    .data                                    0x20000044   Section       12  dma.o(.data)
    .data                                    0x20000050   Section       40  tft_lcd.o(.data)
    xl                                       0x20000052   Data           2  tft_lcd.o(.data)
    yu                                       0x20000054   Data           2  tft_lcd.o(.data)
    .data                                    0x20000078   Section       20  tft_text.o(.data)
    .data                                    0x2000008c   Section        8  rt_task.o(.data)
    .data                                    0x20000094   Section        4  rt_time.o(.data)
    .data                                    0x20000098   Section        8  rt_system.o(.data)
    os_lock                                  0x20000098   Data           1  rt_system.o(.data)
    os_psh_flag                              0x20000099   Data           1  rt_system.o(.data)
    pend_flags                               0x2000009a   Data           1  rt_system.o(.data)
    .data                                    0x200000a0   Section        8  rt_timer.o(.data)
    .data                                    0x200000a8   Section        4  rand.o(.data)
    _rand_state                              0x200000a8   Data           4  rand.o(.data)
    .data                                    0x200000ac   Section        4  errno.o(.data)
    _errno                                   0x200000ac   Data           4  errno.o(.data)
    .bss                                     0x200000b0   Section      420  region.o(.bss)
    .bss                                     0x20000254   Section      404  rtx_config.o(.bss)
    .bss                                     0x200003e8   Section     1808  rtx_config.o(.bss)
    .bss                                     0x20000af8   Section      132  rtx_config.o(.bss)
    .bss                                     0x20000b7c   Section       28  rtx_config.o(.bss)
    .bss                                     0x20000b98   Section     1152  sound.o(.bss)
    .bss                                     0x20001018   Section      528  tasks.o(.bss)
    .bss                                     0x20001228   Section       56  rt_task.o(.bss)
    .bss                                     0x20001260   Section       48  rt_list.o(.bss)
    STACK                                    0x20001290   Section     2048  startup_mkl25z4.o(STACK)

    Global Symbols

    Symbol Name                              Value     Ov Type        Size  Object(Section)

    BuildAttributes$$THM_ISAv3M$S$PE$A:L22$X:L11$S22$IEEE1$IW$USESV6$~STKCKD$USESV7$~SHL$OTIME$ROPI$IEEEX$EBA8$MICROLIB$REQ8$PRES8$EABIv2 0x00000000   Number         0  anon$$obj.o ABSOLUTE
    __ARM_use_no_argv                        0x00000000   Number         0  main.o ABSOLUTE
    __Vectors                                0x00000000   Data           4  startup_mkl25z4.o(RESET)
    _printf_a                                0x00000000   Number         0  stubs.o ABSOLUTE
    _printf_c                                0x00000000   Number         0  stubs.o ABSOLUTE
    _printf_charcount                        0x00000000   Number         0  stubs.o ABSOLUTE
    _printf_d                                0x00000000   Number         0  stubs.o ABSOLUTE
    _printf_e                                0x00000000   Number         0  stubs.o ABSOLUTE
    _printf_f                                0x00000000   Number         0  stubs.o ABSOLUTE
    _printf_flags                            0x00000000   Number         0  stubs.o ABSOLUTE
    _printf_fp_dec                           0x00000000   Number         0  stubs.o ABSOLUTE
    _printf_fp_hex                           0x00000000   Number         0  stubs.o ABSOLUTE
    _printf_g                                0x00000000   Number         0  stubs.o ABSOLUTE
    _printf_i                                0x00000000   Number         0  stubs.o ABSOLUTE
    _printf_int_dec                          0x00000000   Number         0  stubs.o ABSOLUTE
    _printf_l                                0x00000000   Number         0  stubs.o ABSOLUTE
    _printf_lc                               0x00000000   Number         0  stubs.o ABSOLUTE
    _printf_ll                               0x00000000   Number         0  stubs.o ABSOLUTE
    _printf_lld                              0x00000000   Number         0  stubs.o ABSOLUTE
    _printf_lli                              0x00000000   Number         0  stubs.o ABSOLUTE
    _printf_llo                              0x00000000   Number         0  stubs.o ABSOLUTE
    _printf_llu                              0x00000000   Number         0  stubs.o ABSOLUTE
    _printf_llx                              0x00000000   Number         0  stubs.o ABSOLUTE
    _printf_longlong_dec                     0x00000000   Number         0  stubs.o ABSOLUTE
    _printf_longlong_hex                     0x00000000   Number         0  stubs.o ABSOLUTE
    _printf_longlong_oct                     0x00000000   Number         0  stubs.o ABSOLUTE
    _printf_ls                               0x00000000   Number         0  stubs.o ABSOLUTE
    _printf_mbtowc                           0x00000000   Number         0  stubs.o ABSOLUTE
    _printf_n                                0x00000000   Number         0  stubs.o ABSOLUTE
    _printf_o                                0x00000000   Number         0  stubs.o ABSOLUTE
    _printf_p                                0x00000000   Number         0  stubs.o ABSOLUTE
    _printf_percent                          0x00000000   Number         0  stubs.o ABSOLUTE
    _printf_pre_padding                      0x00000000   Number         0  stubs.o ABSOLUTE
    _printf_return_value                     0x00000000   Number         0  stubs.o ABSOLUTE
    _printf_s                                0x00000000   Number         0  stubs.o ABSOLUTE
    _printf_sizespec                         0x00000000   Number         0  stubs.o ABSOLUTE
    _printf_str                              0x00000000   Number         0  stubs.o ABSOLUTE
    _printf_truncate_signed                  0x00000000   Number         0  stubs.o ABSOLUTE
    _printf_truncate_unsigned                0x00000000   Number         0  stubs.o ABSOLUTE
    _printf_u                                0x00000000   Number         0  stubs.o ABSOLUTE
    _printf_wc                               0x00000000   Number         0  stubs.o ABSOLUTE
    _printf_wctomb                           0x00000000   Number         0  stubs.o ABSOLUTE
    _printf_widthprec                        0x00000000   Number         0  stubs.o ABSOLUTE
    _printf_x                                0x00000000   Number         0  stubs.o ABSOLUTE
    __cpp_initialize__aeabi_                  - Undefined Weak Reference
    __cxa_finalize                            - Undefined Weak Reference
    __decompress                              - Undefined Weak Reference
    _clock_init                               - Undefined Weak Reference
    _microlib_exit                            - Undefined Weak Reference
    __Vectors_End                            0x000000c0   Data           0  startup_mkl25z4.o(RESET)
    __Vectors_Size                           0x000000c0   Number         0  startup_mkl25z4.o ABSOLUTE
    __main                                   0x000000c1   Thumb Code     0  entry.o(.ARM.Collect$$$$00000000)
    _main_stk                                0x000000c1   Thumb Code     0  entry2.o(.ARM.Collect$$$$00000001)
    _main_scatterload                        0x000000c5   Thumb Code     0  entry5.o(.ARM.Collect$$$$00000004)
    __main_after_scatterload                 0x000000c9   Thumb Code     0  entry5.o(.ARM.Collect$$$$00000004)
    _main_clock                              0x000000c9   Thumb Code     0  entry7b.o(.ARM.Collect$$$$00000008)
    _main_cpp_init                           0x000000c9   Thumb Code     0  entry8b.o(.ARM.Collect$$$$0000000A)
    _main_init                               0x000000c9   Thumb Code     0  entry9a.o(.ARM.Collect$$$$0000000B)
    __rt_final_cpp                           0x000000d1   Thumb Code     0  entry10a.o(.ARM.Collect$$$$0000000D)
    __rt_final_exit                          0x000000d1   Thumb Code     0  entry11a.o(.ARM.Collect$$$$0000000F)
    rt_set_PSP                               0x000000d5   Thumb Code     6  hal_cm1.o(.emb_text)
    rt_get_PSP                               0x000000db   Thumb Code     6  hal_cm1.o(.emb_text)
    os_set_env                               0x000000e1   Thumb Code    32  hal_cm1.o(.emb_text)
    _alloc_box                               0x00000105   Thumb Code    28  hal_cm1.o(.emb_text)
    _free_box                                0x00000125   Thumb Code    28  hal_cm1.o(.emb_text)
    SVC_Handler                              0x00000145   Thumb Code   152  hal_cm1.o(.emb_text)
    PendSV_Handler                           0x000001e9   Thumb Code    92  hal_cm1.o(.emb_text)
    SysTick_Handler                          0x00000249   Thumb Code     8  hal_cm1.o(.emb_text)
    OS_Tick_Handler                          0x00000251   Thumb Code    12  hal_cm1.o(.emb_text)
    SystemInit                               0x0000025d   Thumb Code   122  system_mkl25z4.o(.text)
    SystemCoreClockUpdate                    0x000002d7   Thumb Code   236  system_mkl25z4.o(.text)
    os_idle_demon                            0x000003f5   Thumb Code     2  rtx_config.o(.text)
    os_tmr_call                              0x000003f7   Thumb Code     2  rtx_config.o(.text)
    os_error                                 0x000003f9   Thumb Code     2  rtx_config.o(.text)
    rt_init_robin                            0x000003fb   Thumb Code     2  rtx_config.o(.text)
    rt_chk_robin                             0x000003fd   Thumb Code     2  rtx_config.o(.text)
    __I$use$fp                               0x000003ff   Thumb Code     0  iusefp.o(.text)
    __scatterload_null                       0x000003ff   Thumb Code     2  handlers.o(i.__scatterload_null)
    Reset_Handler                            0x00000411   Thumb Code     8  startup_mkl25z4.o(.text)
    NMI_Handler                              0x00000419   Thumb Code     2  startup_mkl25z4.o(.text)
    HardFault_Handler                        0x0000041b   Thumb Code     2  startup_mkl25z4.o(.text)
    ADC0_IRQHandler                          0x00000423   Thumb Code     0  startup_mkl25z4.o(.text)
    CMP0_IRQHandler                          0x00000423   Thumb Code     0  startup_mkl25z4.o(.text)
    DAC0_IRQHandler                          0x00000423   Thumb Code     0  startup_mkl25z4.o(.text)
    DMA1_IRQHandler                          0x00000423   Thumb Code     0  startup_mkl25z4.o(.text)
    DMA2_IRQHandler                          0x00000423   Thumb Code     0  startup_mkl25z4.o(.text)
    DMA3_IRQHandler                          0x00000423   Thumb Code     0  startup_mkl25z4.o(.text)
    DefaultISR                               0x00000423   Thumb Code     0  startup_mkl25z4.o(.text)
    FTFA_IRQHandler                          0x00000423   Thumb Code     0  startup_mkl25z4.o(.text)
    I2C0_IRQHandler                          0x00000423   Thumb Code     0  startup_mkl25z4.o(.text)
    I2C1_IRQHandler                          0x00000423   Thumb Code     0  startup_mkl25z4.o(.text)
    LLW_IRQHandler                           0x00000423   Thumb Code     0  startup_mkl25z4.o(.text)
    LPTimer_IRQHandler                       0x00000423   Thumb Code     0  startup_mkl25z4.o(.text)
    LVD_LVW_IRQHandler                       0x00000423   Thumb Code     0  startup_mkl25z4.o(.text)
    MCG_IRQHandler                           0x00000423   Thumb Code     0  startup_mkl25z4.o(.text)
    PORTA_IRQHandler                         0x00000423   Thumb Code     0  startup_mkl25z4.o(.text)
    PORTD_IRQHandler                         0x00000423   Thumb Code     0  startup_mkl25z4.o(.text)
    RTC_IRQHandler                           0x00000423   Thumb Code     0  startup_mkl25z4.o(.text)
    RTC_Seconds_IRQHandler                   0x00000423   Thumb Code     0  startup_mkl25z4.o(.text)
    Reserved20_IRQHandler                    0x00000423   Thumb Code     0  startup_mkl25z4.o(.text)
    Reserved39_IRQHandler                    0x00000423   Thumb Code     0  startup_mkl25z4.o(.text)
    Reserved45_IRQHandler                    0x00000423   Thumb Code     0  startup_mkl25z4.o(.text)
    SPI0_IRQHandler                          0x00000423   Thumb Code     0  startup_mkl25z4.o(.text)
    SPI1_IRQHandler                          0x00000423   Thumb Code     0  startup_mkl25z4.o(.text)
    TPM1_IRQHandler                          0x00000423   Thumb Code     0  startup_mkl25z4.o(.text)
    TPM2_IRQHandler                          0x00000423   Thumb Code     0  startup_mkl25z4.o(.text)
    TSI0_IRQHandler                          0x00000423   Thumb Code     0  startup_mkl25z4.o(.text)
    UART0_IRQHandler                         0x00000423   Thumb Code     0  startup_mkl25z4.o(.text)
    UART1_IRQHandler                         0x00000423   Thumb Code     0  startup_mkl25z4.o(.text)
    UART2_IRQHandler                         0x00000423   Thumb Code     0  startup_mkl25z4.o(.text)
    USB0_IRQHandler                          0x00000423   Thumb Code     0  startup_mkl25z4.o(.text)
    main                                     0x0000042d   Thumb Code   112  main.o(.text)
    __RL_RTX_VER                             0x00000474   Number         0  rt_system.o ABSOLUTE
    Init_RGB_LEDs                            0x000004c5   Thumb Code    84  leds.o(.text)
    Control_RGB_LEDs                         0x00000519   Thumb Code    50  leds.o(.text)
    PIT_IRQHandler                           0x0000055d   Thumb Code   138  timers.o(.text)
    PIT_Init                                 0x000005e7   Thumb Code    76  timers.o(.text)
    PIT_Start                                0x00000633   Thumb Code    12  timers.o(.text)
    PIT_Stop                                 0x0000063f   Thumb Code    12  timers.o(.text)
    Init_PWM                                 0x0000064b   Thumb Code   122  timers.o(.text)
    Old_Init_PWM                             0x000006c5   Thumb Code    64  timers.o(.text)
    PWM_Set_Value                            0x00000705   Thumb Code     8  timers.o(.text)
    TPM0_Init                                0x0000070d   Thumb Code    22  timers.o(.text)
    Configure_TPM0_for_DMA                   0x00000723   Thumb Code    20  timers.o(.text)
    TPM0_Start                               0x00000737   Thumb Code    12  timers.o(.text)
    TPM0_IRQHandler                          0x00000743   Thumb Code    20  timers.o(.text)
    Delay                                    0x000007b1   Thumb Code    24  delay.o(.text)
    ShortDelay                               0x000007c9   Thumb Code    20  delay.o(.text)
    DAC_Init                                 0x000007e1   Thumb Code    48  sound.o(.text)
    Play_Sound_Sample                        0x00000811   Thumb Code    14  sound.o(.text)
    SineTable_Init                           0x0000081f   Thumb Code    62  sound.o(.text)
    Init_Waveform                            0x0000085d   Thumb Code   110  sound.o(.text)
    Sound_Init                               0x000008cb   Thumb Code    82  sound.o(.text)
    Sound_Enable_Amp                         0x0000091d   Thumb Code    10  sound.o(.text)
    Sound_Disable_Amp                        0x00000927   Thumb Code    10  sound.o(.text)
    Play_Tone                                0x00000931   Thumb Code    64  sound.o(.text)
    Sound_Generate_Next_Sample               0x00000971   Thumb Code    36  sound.o(.text)
    Play_Waveform_with_DMA                   0x00000995   Thumb Code    20  sound.o(.text)
    Play_Tone_with_DMA                       0x000009a9   Thumb Code    26  sound.o(.text)
    Task_Sound_Manager                       0x000009c3   Thumb Code    28  sound.o(.text)
    Task_Refill_Sound_Buffer                 0x000009df   Thumb Code    62  sound.o(.text)
    Init_Debug_Signals                       0x00000a65   Thumb Code   112  tasks.o(.text)
    Task_Update_Screen                       0x00000ad5   Thumb Code   324  tasks.o(.text)
    Task_Read_Accelerometer                  0x00000c19   Thumb Code    78  tasks.o(.text)
    Task_Read_TS                             0x00000c67   Thumb Code   138  tasks.o(.text)
    Task_Init                                0x00000cf1   Thumb Code    92  tasks.o(.text)
    i2c_init                                 0x00000dc5   Thumb Code    60  i2c.o(.text)
    i2c_wait                                 0x00000e01   Thumb Code    18  i2c.o(.text)
    i2c_start                                0x00000e13   Thumb Code    20  i2c.o(.text)
    i2c_read_setup                           0x00000e27   Thumb Code    48  i2c.o(.text)
    i2c_repeated_read                        0x00000e57   Thumb Code    50  i2c.o(.text)
    i2c_read_byte                            0x00000e89   Thumb Code    88  i2c.o(.text)
    i2c_write_byte                           0x00000ee1   Thumb Code    52  i2c.o(.text)
    DMA_Init                                 0x00000f21   Thumb Code    24  dma.o(.text)
    Configure_DMA_For_Playback               0x00000f39   Thumb Code    50  dma.o(.text)
    Start_DMA_Playback                       0x00000f6b   Thumb Code    52  dma.o(.text)
    DMA0_IRQHandler                          0x00000f9f   Thumb Code    56  dma.o(.text)
    init_mma                                 0x00001001   Thumb Code    54  mma8451.o(.text)
    read_xyz                                 0x00001037   Thumb Code     2  mma8451.o(.text)
    approx_sqrtf                             0x00001039   Thumb Code    20  mma8451.o(.text)
    approx_atan2f                            0x0000104d   Thumb Code   258  mma8451.o(.text)
    read_full_xyz                            0x0000114f   Thumb Code    98  mma8451.o(.text)
    TFT_Draw_Line                            0x000011d9   Thumb Code   536  tft_graphics.o(.text)
    Graphics_Test                            0x000013f1   Thumb Code   156  tft_graphics.o(.text)
    TFT_GPIO_Init                            0x0000148d   Thumb Code   174  tft_lcd.o(.text)
    TFT_Init_Backlight                       0x0000153b   Thumb Code     8  tft_lcd.o(.text)
    TFT_Set_Backlight_Brightness             0x00001543   Thumb Code    38  tft_lcd.o(.text)
    TFT_24S_Write_Command                    0x00001569   Thumb Code    36  tft_lcd.o(.text)
    TFT_24S_Write_Data                       0x0000158d   Thumb Code    36  tft_lcd.o(.text)
    Init_ADC                                 0x000015b1   Thumb Code    24  tft_lcd.o(.text)
    TFT_TS_Init                              0x000015c9   Thumb Code     2  tft_lcd.o(.text)
    TFT_Init                                 0x000015cb   Thumb Code   418  tft_lcd.o(.text)
    TFT_Plot_Pixel                           0x0000176d   Thumb Code   114  tft_lcd.o(.text)
    TFT_Fill_Buffer                          0x000017df   Thumb Code   130  tft_lcd.o(.text)
    TFT_Fill_Rectangle                       0x00001861   Thumb Code   230  tft_lcd.o(.text)
    TFT_Start_Rectangle                      0x00001947   Thumb Code   144  tft_lcd.o(.text)
    TFT_Write_Rectangle_Pixel                0x000019d7   Thumb Code    50  tft_lcd.o(.text)
    TFT_Set_BL                               0x00001a09   Thumb Code    28  tft_lcd.o(.text)
    TFT_Set_Brightness                       0x00001a25   Thumb Code    18  tft_lcd.o(.text)
    TFT_TS_Read                              0x00001a37   Thumb Code   374  tft_lcd.o(.text)
    TFT_TS_Test                              0x00001bad   Thumb Code   116  tft_lcd.o(.text)
    TFT_TS_Calibrate                         0x00001c21   Thumb Code   268  tft_lcd.o(.text)
    TFT_Text_Set_Colors                      0x00001d8d   Thumb Code    32  tft_text.o(.text)
    TFT_Erase                                0x00001dad   Thumb Code    12  tft_text.o(.text)
    TFT_Text_Init                            0x00001db9   Thumb Code    44  tft_text.o(.text)
    TFT_Text_PrintChar                       0x00001de5   Thumb Code   426  tft_text.o(.text)
    TFT_Text_PrintStr                        0x00001f8f   Thumb Code    36  tft_text.o(.text)
    TFT_Text_PrintStr_RC                     0x00001fb3   Thumb Code    46  tft_text.o(.text)
    __aeabi_uidiv                            0x00001fe9   Thumb Code     0  uidiv.o(.text)
    __aeabi_uidivmod                         0x00001fe9   Thumb Code    44  uidiv.o(.text)
    __aeabi_idiv                             0x00002015   Thumb Code     0  idiv.o(.text)
    __aeabi_idivmod                          0x00002015   Thumb Code    40  idiv.o(.text)
    rand                                     0x0000203d   Thumb Code    18  rand.o(.text)
    srand                                    0x0000204f   Thumb Code     6  rand.o(.text)
    __aeabi_fadd                             0x00002061   Thumb Code   162  fadd.o(.text)
    __aeabi_fsub                             0x00002103   Thumb Code     8  fadd.o(.text)
    __aeabi_frsub                            0x0000210b   Thumb Code     8  fadd.o(.text)
    __aeabi_fmul                             0x00002113   Thumb Code   122  fmul.o(.text)
    __aeabi_fdiv                             0x0000218d   Thumb Code   124  fdiv.o(.text)
    __ARM_scalbnf                            0x00002209   Thumb Code    24  fscalb.o(.text)
    scalbnf                                  0x00002209   Thumb Code     0  fscalb.o(.text)
    __aeabi_dadd                             0x00002221   Thumb Code   328  dadd.o(.text)
    __aeabi_dsub                             0x00002369   Thumb Code    12  dadd.o(.text)
    __aeabi_drsub                            0x00002375   Thumb Code    12  dadd.o(.text)
    __aeabi_dmul                             0x00002385   Thumb Code   202  dmul.o(.text)
    __aeabi_i2f                              0x00002455   Thumb Code    22  fflti.o(.text)
    __aeabi_ui2f                             0x0000246b   Thumb Code    14  ffltui.o(.text)
    __aeabi_ui2d                             0x00002479   Thumb Code    24  dfltui.o(.text)
    __aeabi_f2iz                             0x00002495   Thumb Code    50  ffixi.o(.text)
    __aeabi_f2uiz                            0x000024c7   Thumb Code    40  ffixui.o(.text)
    __aeabi_d2uiz                            0x000024f1   Thumb Code    50  dfixui.o(.text)
    __aeabi_f2d                              0x0000252d   Thumb Code    40  f2d.o(.text)
    __aeabi_d2f                              0x00002555   Thumb Code    56  d2f.o(.text)
    __aeabi_uldivmod                         0x0000258d   Thumb Code    96  uldiv.o(.text)
    __aeabi_llsl                             0x000025ed   Thumb Code    32  llshl.o(.text)
    _ll_shift_l                              0x000025ed   Thumb Code     0  llshl.o(.text)
    __aeabi_llsr                             0x0000260d   Thumb Code    34  llushr.o(.text)
    _ll_ushift_r                             0x0000260d   Thumb Code     0  llushr.o(.text)
    __aeabi_lasr                             0x0000262f   Thumb Code    38  llsshr.o(.text)
    _ll_sshift_r                             0x0000262f   Thumb Code     0  llsshr.o(.text)
    _float_round                             0x00002655   Thumb Code    16  fepilogue.o(.text)
    _float_epilogue                          0x00002665   Thumb Code   114  fepilogue.o(.text)
    _frnd                                    0x000026d7   Thumb Code    62  frnd.o(.text)
    _double_round                            0x00002715   Thumb Code    26  depilogue.o(.text)
    _double_epilogue                         0x0000272f   Thumb Code   164  depilogue.o(.text)
    __aeabi_ddiv                             0x000027d5   Thumb Code   234  ddiv.o(.text)
    __aeabi_d2ulz                            0x000028c5   Thumb Code    54  dfixul.o(.text)
    __aeabi_cdrcmple                         0x00002905   Thumb Code    38  cdrcmple.o(.text)
    __scatterload                            0x0000292d   Thumb Code    28  init.o(.text)
    __scatterload_rt2                        0x0000292d   Thumb Code     0  init.o(.text)
    SVC_Count                                0x00002950   Data           4  svc_table.o(SVC_TABLE)
    SVC_Table                                0x00002954   Data           0  svc_table.o(SVC_TABLE)
    __0sprintf                               0x00002955   Thumb Code    36  printfa.o(i.__0sprintf)
    __1sprintf                               0x00002955   Thumb Code     0  printfa.o(i.__0sprintf)
    __2sprintf                               0x00002955   Thumb Code     0  printfa.o(i.__0sprintf)
    __c89sprintf                             0x00002955   Thumb Code     0  printfa.o(i.__0sprintf)
    sprintf                                  0x00002955   Thumb Code     0  printfa.o(i.__0sprintf)
    __ARM_clz                                0x0000297d   Thumb Code    46  depilogue.o(i.__ARM_clz)
    __ARM_common_ll_muluu                    0x000029ab   Thumb Code    50  rredf.o(i.__ARM_common_ll_muluu)
    __ARM_common_switch8                     0x000029dd   Thumb Code    26  system_mkl25z4.o(i.__ARM_common_switch8)
    __ARM_fpclassifyf                        0x000029f7   Thumb Code    34  fpclassifyf.o(i.__ARM_fpclassifyf)
    __mathlib_flt_infnan                     0x00002a19   Thumb Code    10  funder.o(i.__mathlib_flt_infnan)
    __mathlib_flt_invalid                    0x00002a23   Thumb Code    12  funder.o(i.__mathlib_flt_invalid)
    __mathlib_flt_underflow                  0x00002a2f   Thumb Code    14  funder.o(i.__mathlib_flt_underflow)
    __mathlib_rredf2                         0x00002a3d   Thumb Code   366  rredf.o(i.__mathlib_rredf2)
    __scatterload_copy                       0x00002bbd   Thumb Code    14  handlers.o(i.__scatterload_copy)
    __scatterload_zeroinit                   0x00002bcb   Thumb Code    14  handlers.o(i.__scatterload_zeroinit)
    __set_errno                              0x00002bd9   Thumb Code     6  errno.o(i.__set_errno)
    _init_box                                0x00002d3d   Thumb Code    72  rt_membox.o(i._init_box)
    isr_evt_set                              0x000034c9   Thumb Code    30  rt_event.o(i.isr_evt_set)
    os_tick_init                             0x000034ed   Thumb Code    32  rt_system.o(i.os_tick_init)
    os_tick_irqack                           0x00003519   Thumb Code     2  rt_system.o(i.os_tick_irqack)
    rt_alloc_box                             0x0000351b   Thumb Code    30  rt_membox.o(i.rt_alloc_box)
    rt_block                                 0x00003539   Thumb Code    42  rt_task.o(i.rt_block)
    rt_dec_dly                               0x00003571   Thumb Code   112  rt_list.o(i.rt_dec_dly)
    rt_dispatch                              0x000035e9   Thumb Code    56  rt_task.o(i.rt_dispatch)
    rt_evt_psh                               0x00003629   Thumb Code    70  rt_event.o(i.rt_evt_psh)
    rt_evt_wait                              0x00003675   Thumb Code    58  rt_event.o(i.rt_evt_wait)
    rt_free_box                              0x000036b5   Thumb Code    38  rt_membox.o(i.rt_free_box)
    rt_get_first                             0x000036db   Thumb Code    42  rt_list.o(i.rt_get_first)
    rt_init_stack                            0x0000374d   Thumb Code    68  hal_cm1.o(i.rt_init_stack)
    rt_itv_set                               0x00003799   Thumb Code    16  rt_time.o(i.rt_itv_set)
    rt_itv_wait                              0x000037b1   Thumb Code    34  rt_time.o(i.rt_itv_wait)
    rt_mbx_psh                               0x000037dd   Thumb Code   176  rt_mailbox.o(i.rt_mbx_psh)
    rt_mut_init                              0x00003891   Thumb Code    16  rt_mutex.o(i.rt_mut_init)
    rt_mut_release                           0x000038a1   Thumb Code   218  rt_mutex.o(i.rt_mut_release)
    rt_mut_wait                              0x00003985   Thumb Code   106  rt_mutex.o(i.rt_mut_wait)
    rt_pop_req                               0x000039f5   Thumb Code   100  rt_system.o(i.rt_pop_req)
    rt_psh_req                               0x00003a65   Thumb Code    24  rt_system.o(i.rt_psh_req)
    rt_psq_enq                               0x00003a85   Thumb Code    60  rt_list.o(i.rt_psq_enq)
    rt_put_dly                               0x00003ac5   Thumb Code    74  rt_list.o(i.rt_put_dly)
    rt_put_prio                              0x00003b15   Thumb Code    60  rt_list.o(i.rt_put_prio)
    rt_put_rdy_first                         0x00003b51   Thumb Code    14  rt_list.o(i.rt_put_rdy_first)
    rt_resort_prio                           0x00003b65   Thumb Code    44  rt_list.o(i.rt_resort_prio)
    rt_rmv_dly                               0x00003b95   Thumb Code    42  rt_list.o(i.rt_rmv_dly)
    rt_rmv_list                              0x00003bc1   Thumb Code    46  rt_list.o(i.rt_rmv_list)
    rt_sem_psh                               0x00003bf5   Thumb Code    46  rt_semaphore.o(i.rt_sem_psh)
    rt_stk_check                             0x00003c29   Thumb Code    30  rt_system.o(i.rt_stk_check)
    rt_switch_req                            0x00003c51   Thumb Code    10  rt_task.o(i.rt_switch_req)
    rt_sys_init                              0x00003c61   Thumb Code   230  rt_task.o(i.rt_sys_init)
    rt_systick                               0x00003d99   Thumb Code    48  rt_system.o(i.rt_systick)
    rt_tmr_tick                              0x00003dd5   Thumb Code    56  rt_timer.o(i.rt_tmr_tick)
    rt_tsk_create                            0x00003e15   Thumb Code   108  rt_task.o(i.rt_tsk_create)
    rt_tsk_delete                            0x00003e91   Thumb Code   294  rt_task.o(i.rt_tsk_delete)
    sinf                                     0x00003fd1   Thumb Code   330  sinf.o(i.sinf)
    RegionTable                              0x00004154   Data        3360  region.o(.constdata)
    NumProfileRegions                        0x00004e74   Data           4  region.o(.constdata)
    Lucida_Console12x19                      0x00004e78   Data        3831  lucida_12x19.o(.constdata)
    os_maxtaskrun                            0x00005d70   Data           2  rtx_config.o(.constdata)
    os_stackinfo                             0x00005d74   Data           4  rtx_config.o(.constdata)
    os_trv                                   0x00005d78   Data           4  rtx_config.o(.constdata)
    os_flags                                 0x00005d7c   Data           1  rtx_config.o(.constdata)
    os_clockrate                             0x00005d80   Data           4  rtx_config.o(.constdata)
    os_timernum                              0x00005d84   Data           4  rtx_config.o(.constdata)
    mp_tcb_size                              0x00005d88   Data           2  rtx_config.o(.constdata)
    mp_stk_size                              0x00005d8c   Data           4  rtx_config.o(.constdata)
    os_fifo_size                             0x00005d90   Data           1  rtx_config.o(.constdata)
    mp_tmr_size                              0x00005d92   Data           2  rtx_config.o(.constdata)
    RL_RTX_Version                           0x00005d94   Data           4  rt_system.o(.constdata)
    Region$$Table$$Base                      0x00005db8   Number         0  anon$$obj.o(Region$$Table)
    Region$$Table$$Limit                     0x00005dd8   Number         0  anon$$obj.o(Region$$Table)
    SystemCoreClock                          0x20000000   Data           4  system_mkl25z4.o(.data)
    PC_val                                   0x20000004   Data           4  timers.o(.data)
    adx_lost                                 0x20000008   Data           4  profile.o(.data)
    num_lost                                 0x2000000c   Data           4  profile.o(.data)
    profile_ticks                            0x20000010   Data           4  profile.o(.data)
    profiling_enabled                        0x20000014   Data           1  profile.o(.data)
    m_tmr                                    0x20000018   Data           4  rtx_config.o(.data)
    WNG_Len                                  0x20000020   Data           4  sound.o(.data)
    coin_X_pos                               0x20000024   Data           2  tasks.o(.data)
    coin_Y_pos                               0x20000026   Data           2  tasks.o(.data)
    score                                    0x20000028   Data           2  tasks.o(.data)
    life                                     0x2000002a   Data           2  tasks.o(.data)
    roll                                     0x2000002c   Data           4  tasks.o(.data)
    t_Read_TS                                0x20000030   Data           4  tasks.o(.data)
    t_Read_Accelerometer                     0x20000034   Data           4  tasks.o(.data)
    t_Sound_Manager                          0x20000038   Data           4  tasks.o(.data)
    t_US                                     0x2000003c   Data           4  tasks.o(.data)
    t_Refill_Sound_Buffer                    0x20000040   Data           4  tasks.o(.data)
    Reload_DMA_Source                        0x20000044   Data           4  dma.o(.data)
    Reload_DMA_Byte_Count                    0x20000048   Data           4  dma.o(.data)
    DMA_Playback_Count                       0x2000004c   Data           4  dma.o(.data)
    TFT_TS_Calibrated                        0x20000050   Data           1  tft_lcd.o(.data)
    TFT_TS_X_Scale                           0x20000058   Data           4  tft_lcd.o(.data)
    TFT_TS_X_Offset                          0x2000005c   Data           4  tft_lcd.o(.data)
    TFT_TS_Y_Scale                           0x20000060   Data           4  tft_lcd.o(.data)
    TFT_TS_Y_Offset                          0x20000064   Data           4  tft_lcd.o(.data)
    TS_Min                                   0x20000068   Data           8  tft_lcd.o(.data)
    TS_Max                                   0x20000070   Data           8  tft_lcd.o(.data)
    G_TFT_char_width                         0x20000078   Data           1  tft_text.o(.data)
    G_TFT_char_height                        0x20000079   Data           1  tft_text.o(.data)
    fg                                       0x2000007a   Data           3  tft_text.o(.data)
    bg                                       0x2000007d   Data           3  tft_text.o(.data)
    font                                     0x20000080   Data           4  tft_text.o(.data)
    font_header                              0x20000084   Data           4  tft_text.o(.data)
    glyph_index                              0x20000088   Data           4  tft_text.o(.data)
    os_tsk                                   0x2000008c   Data           8  rt_task.o(.data)
    os_time                                  0x20000094   Data           4  rt_time.o(.data)
    os_tick_irqn                             0x2000009c   Data           4  rt_system.o(.data)
    os_tmr                                   0x200000a0   Data           8  rt_timer.o(.data)
    RegionCount                              0x200000b0   Data         420  region.o(.bss)
    mp_tcb                                   0x20000254   Data         404  rtx_config.o(.bss)
    mp_stk                                   0x200003e8   Data        1808  rtx_config.o(.bss)
    os_fifo                                  0x20000af8   Data         132  rtx_config.o(.bss)
    os_active_TCB                            0x20000b7c   Data          28  rtx_config.o(.bss)
    SineTable                                0x20000b98   Data         128  sound.o(.bss)
    Waveform                                 0x20000c18   Data        1024  sound.o(.bss)
    RA_Stack                                 0x20001018   Data         512  tasks.o(.bss)
    LCD_mutex                                0x20001218   Data          16  tasks.o(.bss)
    os_idle_TCB                              0x20001228   Data          56  rt_task.o(.bss)
    os_rdy                                   0x20001260   Data          24  rt_list.o(.bss)
    os_dly                                   0x20001278   Data          24  rt_list.o(.bss)
    __initial_sp                             0x20001a90   Data           0  startup_mkl25z4.o(STACK)



==============================================================================

Memory Map of the image

  Image Entry point : 0x000000c1

  Load Region LR_IROM1 (Base: 0x00000000, Size: 0x00005e88, Max: 0x00020000, ABSOLUTE)

    Execution Region ER_IROM1 (Base: 0x00000000, Size: 0x00005dd8, Max: 0x00020000, ABSOLUTE)

    Base Addr    Size         Type   Attr      Idx    E Section Name        Object

    0x00000000   0x000000c0   Data   RO           49    RESET               startup_mkl25z4.o
    0x000000c0   0x00000000   Code   RO         1064  * .ARM.Collect$$$$00000000  mc_p.l(entry.o)
    0x000000c0   0x00000004   Code   RO         1384    .ARM.Collect$$$$00000001  mc_p.l(entry2.o)
    0x000000c4   0x00000004   Code   RO         1387    .ARM.Collect$$$$00000004  mc_p.l(entry5.o)
    0x000000c8   0x00000000   Code   RO         1389    .ARM.Collect$$$$00000008  mc_p.l(entry7b.o)
    0x000000c8   0x00000000   Code   RO         1391    .ARM.Collect$$$$0000000A  mc_p.l(entry8b.o)
    0x000000c8   0x00000008   Code   RO         1392    .ARM.Collect$$$$0000000B  mc_p.l(entry9a.o)
    0x000000d0   0x00000000   Code   RO         1394    .ARM.Collect$$$$0000000D  mc_p.l(entry10a.o)
    0x000000d0   0x00000000   Code   RO         1396    .ARM.Collect$$$$0000000F  mc_p.l(entry11a.o)
    0x000000d0   0x00000004   Code   RO         1385    .ARM.Collect$$$$00002712  mc_p.l(entry2.o)
    0x000000d4   0x00000188   Code   RO          707    .emb_text           RTX_CM1.LIB(hal_cm1.o)
    0x0000025c   0x00000198   Code   RO            3    .text               system_mkl25z4.o
    0x000003f4   0x0000000a   Code   RO          290    .text               rtx_config.o
    0x000003fe   0x00000000   Code   RO         1416    .text               mc_p.l(iusefp.o)
    0x000003fe   0x00000002   Code   RO         1438    i.__scatterload_null  mc_p.l(handlers.o)
    0x00000400   0x00000010   Code   RO           50    .ARM.__at_0x400     startup_mkl25z4.o
    0x00000410   0x0000001c   Code   RO           51    .text               startup_mkl25z4.o
    0x0000042c   0x00000098   Code   RO           59    .text               main.o
    0x000004c4   0x00000098   Code   RO          141    .text               leds.o
    0x0000055c   0x00000254   Code   RO          161    .text               timers.o
    0x000007b0   0x00000030   Code   RO          194    .text               delay.o
    0x000007e0   0x00000284   Code   RO          327    .text               sound.o
    0x00000a64   0x00000360   Code   RO          355    .text               tasks.o
    0x00000dc4   0x0000015c   Code   RO          387    .text               i2c.o
    0x00000f20   0x000000e0   Code   RO          407    .text               dma.o
    0x00001000   0x000001d8   Code   RO          430    .text               mma8451.o
    0x000011d8   0x000002b4   Code   RO          449    .text               tft_graphics.o
    0x0000148c   0x00000900   Code   RO          463    .text               tft_lcd.o
    0x00001d8c   0x0000025c   Code   RO          484    .text               tft_text.o
    0x00001fe8   0x0000002c   Code   RO         1067    .text               mc_p.l(uidiv.o)
    0x00002014   0x00000028   Code   RO         1069    .text               mc_p.l(idiv.o)
    0x0000203c   0x00000024   Code   RO         1071    .text               mc_p.l(rand.o)
    0x00002060   0x000000b2   Code   RO         1335    .text               mf_p.l(fadd.o)
    0x00002112   0x0000007a   Code   RO         1337    .text               mf_p.l(fmul.o)
    0x0000218c   0x0000007c   Code   RO         1339    .text               mf_p.l(fdiv.o)
    0x00002208   0x00000018   Code   RO         1341    .text               mf_p.l(fscalb.o)
    0x00002220   0x00000164   Code   RO         1343    .text               mf_p.l(dadd.o)
    0x00002384   0x000000d0   Code   RO         1345    .text               mf_p.l(dmul.o)
    0x00002454   0x00000016   Code   RO         1347    .text               mf_p.l(fflti.o)
    0x0000246a   0x0000000e   Code   RO         1349    .text               mf_p.l(ffltui.o)
    0x00002478   0x0000001c   Code   RO         1351    .text               mf_p.l(dfltui.o)
    0x00002494   0x00000032   Code   RO         1353    .text               mf_p.l(ffixi.o)
    0x000024c6   0x00000028   Code   RO         1355    .text               mf_p.l(ffixui.o)
    0x000024ee   0x00000002   PAD
    0x000024f0   0x0000003c   Code   RO         1357    .text               mf_p.l(dfixui.o)
    0x0000252c   0x00000028   Code   RO         1359    .text               mf_p.l(f2d.o)
    0x00002554   0x00000038   Code   RO         1361    .text               mf_p.l(d2f.o)
    0x0000258c   0x00000060   Code   RO         1401    .text               mc_p.l(uldiv.o)
    0x000025ec   0x00000020   Code   RO         1403    .text               mc_p.l(llshl.o)
    0x0000260c   0x00000022   Code   RO         1405    .text               mc_p.l(llushr.o)
    0x0000262e   0x00000026   Code   RO         1407    .text               mc_p.l(llsshr.o)
    0x00002654   0x00000082   Code   RO         1417    .text               mf_p.l(fepilogue.o)
    0x000026d6   0x0000003e   Code   RO         1419    .text               mf_p.l(frnd.o)
    0x00002714   0x000000be   Code   RO         1421    .text               mf_p.l(depilogue.o)
    0x000027d2   0x00000002   PAD
    0x000027d4   0x000000f0   Code   RO         1425    .text               mf_p.l(ddiv.o)
    0x000028c4   0x00000040   Code   RO         1427    .text               mf_p.l(dfixul.o)
    0x00002904   0x00000028   Code   RO         1429    .text               mf_p.l(cdrcmple.o)
    0x0000292c   0x00000024   Code   RO         1431    .text               mc_p.l(init.o)
    0x00002950   0x00000004   Code   RO          921    SVC_TABLE           RTX_CM1.LIB(svc_table.o)
    0x00002954   0x00000028   Code   RO         1309    i.__0sprintf        mc_p.l(printfa.o)
    0x0000297c   0x0000002e   Code   RO         1423    i.__ARM_clz         mf_p.l(depilogue.o)
    0x000029aa   0x00000032   Code   RO         1382    i.__ARM_common_ll_muluu  m_ps.l(rredf.o)
    0x000029dc   0x0000001a   Code   RO           22    i.__ARM_common_switch8  system_mkl25z4.o
    0x000029f6   0x00000022   Code   RO         1363    i.__ARM_fpclassifyf  m_ps.l(fpclassifyf.o)
    0x00002a18   0x0000000a   Code   RO         1366    i.__mathlib_flt_infnan  m_ps.l(funder.o)
    0x00002a22   0x0000000c   Code   RO         1368    i.__mathlib_flt_invalid  m_ps.l(funder.o)
    0x00002a2e   0x0000000e   Code   RO         1371    i.__mathlib_flt_underflow  m_ps.l(funder.o)
    0x00002a3c   0x00000180   Code   RO         1379    i.__mathlib_rredf2  m_ps.l(rredf.o)
    0x00002bbc   0x0000000e   Code   RO         1437    i.__scatterload_copy  mc_p.l(handlers.o)
    0x00002bca   0x0000000e   Code   RO         1439    i.__scatterload_zeroinit  mc_p.l(handlers.o)
    0x00002bd8   0x0000000c   Code   RO         1411    i.__set_errno       mc_p.l(errno.o)
    0x00002be4   0x00000158   Code   RO         1314    i._fp_digits        mc_p.l(printfa.o)
    0x00002d3c   0x00000048   Code   RO          892    i._init_box         RTX_CM1.LIB(rt_membox.o)
    0x00002d84   0x000006ec   Code   RO         1315    i._printf_core      mc_p.l(printfa.o)
    0x00003470   0x00000020   Code   RO         1316    i._printf_post_padding  mc_p.l(printfa.o)
    0x00003490   0x0000002c   Code   RO         1317    i._printf_pre_padding  mc_p.l(printfa.o)
    0x000034bc   0x0000000a   Code   RO         1319    i._sputc            mc_p.l(printfa.o)
    0x000034c6   0x00000002   PAD
    0x000034c8   0x00000024   Code   RO          604    i.isr_evt_set       RTX_CM1.LIB(rt_event.o)
    0x000034ec   0x0000002c   Code   RO          728    i.os_tick_init      RTX_CM1.LIB(rt_system.o)
    0x00003518   0x00000002   Code   RO          729    i.os_tick_irqack    RTX_CM1.LIB(rt_system.o)
    0x0000351a   0x0000001e   Code   RO          893    i.rt_alloc_box      RTX_CM1.LIB(rt_membox.o)
    0x00003538   0x00000038   Code   RO          505    i.rt_block          RTX_CM1.LIB(rt_task.o)
    0x00003570   0x00000078   Code   RO          812    i.rt_dec_dly        RTX_CM1.LIB(rt_list.o)
    0x000035e8   0x00000040   Code   RO          506    i.rt_dispatch       RTX_CM1.LIB(rt_task.o)
    0x00003628   0x0000004c   Code   RO          607    i.rt_evt_psh        RTX_CM1.LIB(rt_event.o)
    0x00003674   0x00000040   Code   RO          609    i.rt_evt_wait       RTX_CM1.LIB(rt_event.o)
    0x000036b4   0x00000026   Code   RO          894    i.rt_free_box       RTX_CM1.LIB(rt_membox.o)
    0x000036da   0x0000002a   Code   RO          813    i.rt_get_first      RTX_CM1.LIB(rt_list.o)
    0x00003704   0x00000048   Code   RO          507    i.rt_init_context   RTX_CM1.LIB(rt_task.o)
    0x0000374c   0x0000004c   Code   RO          708    i.rt_init_stack     RTX_CM1.LIB(hal_cm1.o)
    0x00003798   0x00000018   Code   RO          651    i.rt_itv_set        RTX_CM1.LIB(rt_time.o)
    0x000037b0   0x0000002c   Code   RO          652    i.rt_itv_wait       RTX_CM1.LIB(rt_time.o)
    0x000037dc   0x000000b4   Code   RO          928    i.rt_mbx_psh        RTX_CM1.LIB(rt_mailbox.o)
    0x00003890   0x00000010   Code   RO          683    i.rt_mut_init       RTX_CM1.LIB(rt_mutex.o)
    0x000038a0   0x000000e4   Code   RO          684    i.rt_mut_release    RTX_CM1.LIB(rt_mutex.o)
    0x00003984   0x00000070   Code   RO          685    i.rt_mut_wait       RTX_CM1.LIB(rt_mutex.o)
    0x000039f4   0x00000070   Code   RO          730    i.rt_pop_req        RTX_CM1.LIB(rt_system.o)
    0x00003a64   0x00000020   Code   RO          731    i.rt_psh_req        RTX_CM1.LIB(rt_system.o)
    0x00003a84   0x00000040   Code   RO          815    i.rt_psq_enq        RTX_CM1.LIB(rt_list.o)
    0x00003ac4   0x00000050   Code   RO          816    i.rt_put_dly        RTX_CM1.LIB(rt_list.o)
    0x00003b14   0x0000003c   Code   RO          817    i.rt_put_prio       RTX_CM1.LIB(rt_list.o)
    0x00003b50   0x00000014   Code   RO          818    i.rt_put_rdy_first  RTX_CM1.LIB(rt_list.o)
    0x00003b64   0x00000030   Code   RO          819    i.rt_resort_prio    RTX_CM1.LIB(rt_list.o)
    0x00003b94   0x0000002a   Code   RO          820    i.rt_rmv_dly        RTX_CM1.LIB(rt_list.o)
    0x00003bbe   0x00000002   PAD
    0x00003bc0   0x00000034   Code   RO          821    i.rt_rmv_list       RTX_CM1.LIB(rt_list.o)
    0x00003bf4   0x00000034   Code   RO          974    i.rt_sem_psh        RTX_CM1.LIB(rt_semaphore.o)
    0x00003c28   0x00000028   Code   RO          733    i.rt_stk_check      RTX_CM1.LIB(rt_system.o)
    0x00003c50   0x00000010   Code   RO          508    i.rt_switch_req     RTX_CM1.LIB(rt_task.o)
    0x00003c60   0x00000138   Code   RO          509    i.rt_sys_init       RTX_CM1.LIB(rt_task.o)
    0x00003d98   0x0000003c   Code   RO          735    i.rt_systick        RTX_CM1.LIB(rt_system.o)
    0x00003dd4   0x00000040   Code   RO         1010    i.rt_tmr_tick       RTX_CM1.LIB(rt_timer.o)
    0x00003e14   0x0000007c   Code   RO          510    i.rt_tsk_create     RTX_CM1.LIB(rt_task.o)
    0x00003e90   0x00000140   Code   RO          511    i.rt_tsk_delete     RTX_CM1.LIB(rt_task.o)
    0x00003fd0   0x00000184   Code   RO         1057    i.sinf              m_ps.l(sinf.o)
    0x00004154   0x00000d20   Data   RO          250    .constdata          region.o
    0x00004e74   0x00000004   Data   RO          251    .constdata          region.o
    0x00004e78   0x00000ef7   Data   RO          272    .constdata          lucida_12x19.o
    0x00005d6f   0x00000001   PAD
    0x00005d70   0x00000002   Data   RO          295    .constdata          rtx_config.o
    0x00005d72   0x00000002   PAD
    0x00005d74   0x00000004   Data   RO          296    .constdata          rtx_config.o
    0x00005d78   0x00000004   Data   RO          298    .constdata          rtx_config.o
    0x00005d7c   0x00000001   Data   RO          299    .constdata          rtx_config.o
    0x00005d7d   0x00000003   PAD
    0x00005d80   0x00000008   Data   RO          300    .constdata          rtx_config.o
    0x00005d88   0x00000002   Data   RO          301    .constdata          rtx_config.o
    0x00005d8a   0x00000002   PAD
    0x00005d8c   0x00000004   Data   RO          302    .constdata          rtx_config.o
    0x00005d90   0x00000001   Data   RO          303    .constdata          rtx_config.o
    0x00005d91   0x00000001   PAD
    0x00005d92   0x00000002   Data   RO          304    .constdata          rtx_config.o
    0x00005d94   0x00000004   Data   RO          738    .constdata          RTX_CM1.LIB(rt_system.o)
    0x00005d98   0x00000020   Data   RO         1380    .constdata          m_ps.l(rredf.o)
    0x00005db8   0x00000020   Data   RO         1435    Region$$Table       anon$$obj.o


    Execution Region RW_IRAM1 (Base: 0x1ffff000, Size: 0x00000000, Max: 0x00001000, ABSOLUTE)

    **** No section assigned to this execution region ****


    Execution Region RW_IRAM2 (Base: 0x20000000, Size: 0x00001a90, Max: 0x00003000, ABSOLUTE)

    Base Addr    Size         Type   Attr      Idx    E Section Name        Object

    0x20000000   0x00000004   Data   RW            4    .data               system_mkl25z4.o
    0x20000004   0x00000004   Data   RW          164    .data               timers.o
    0x20000008   0x00000004   Data   RW          215    .data               profile.o
    0x2000000c   0x00000004   Data   RW          216    .data               profile.o
    0x20000010   0x00000004   Data   RW          217    .data               profile.o
    0x20000014   0x00000001   Data   RW          218    .data               profile.o
    0x20000015   0x00000003   PAD
    0x20000018   0x00000004   Data   RW          305    .data               rtx_config.o
    0x2000001c   0x00000008   Data   RW          329    .data               sound.o
    0x20000024   0x00000020   Data   RW          358    .data               tasks.o
    0x20000044   0x0000000c   Data   RW          408    .data               dma.o
    0x20000050   0x00000028   Data   RW          464    .data               tft_lcd.o
    0x20000078   0x00000014   Data   RW          488    .data               tft_text.o
    0x2000008c   0x00000008   Data   RW          516    .data               RTX_CM1.LIB(rt_task.o)
    0x20000094   0x00000004   Data   RW          654    .data               RTX_CM1.LIB(rt_time.o)
    0x20000098   0x00000008   Data   RW          739    .data               RTX_CM1.LIB(rt_system.o)
    0x200000a0   0x00000008   Data   RW         1011    .data               RTX_CM1.LIB(rt_timer.o)
    0x200000a8   0x00000004   Data   RW         1072    .data               mc_p.l(rand.o)
    0x200000ac   0x00000004   Data   RW         1412    .data               mc_p.l(errno.o)
    0x200000b0   0x000001a4   Zero   RW          248    .bss                region.o
    0x20000254   0x00000194   Zero   RW          291    .bss                rtx_config.o
    0x200003e8   0x00000710   Zero   RW          292    .bss                rtx_config.o
    0x20000af8   0x00000084   Zero   RW          293    .bss                rtx_config.o
    0x20000b7c   0x0000001c   Zero   RW          294    .bss                rtx_config.o
    0x20000b98   0x00000480   Zero   RW          328    .bss                sound.o
    0x20001018   0x00000210   Zero   RW          356    .bss                tasks.o
    0x20001228   0x00000038   Zero   RW          515    .bss                RTX_CM1.LIB(rt_task.o)
    0x20001260   0x00000030   Zero   RW          822    .bss                RTX_CM1.LIB(rt_list.o)
    0x20001290   0x00000800   Zero   RW           47    STACK               startup_mkl25z4.o


==============================================================================

Image component sizes


      Code (inc. data)   RO Data    RW Data    ZI Data      Debug   Object Name

        48          4          0          0          0        979   delay.o
       224         42          0         12          0       2018   dma.o
       348         12          0          0          0       1652   i2c.o
       152         18          0          0          0        737   leds.o
         0          0       3831          0          0        570   lucida_12x19.o
       152         40          0          0          0       8712   main.o
       472         40          0          0          0       2009   mma8451.o
         0          0          0         13          0       1705   profile.o
         0          0       3364          0        420       1046   region.o
        10          0         28          4       2372       9435   rtx_config.o
       644         72          0          8       1152       3312   sound.o
        44         24        192          0       2048        832   startup_mkl25z4.o
       434         60          0          4          0      98797   system_mkl25z4.o
       864        120          0         32        528       2821   tasks.o
       692          0          0          0          0       2566   tft_graphics.o
      2304        124          0         40          0       6386   tft_lcd.o
       604          8          0         20          0       4543   tft_text.o
       596         90          0          4          0       8871   timers.o

    ----------------------------------------------------------------------
      7588        654       7456        140       6520     156991   Object Totals
         0          0         32          0          0          0   (incl. Generated)
         0          0          9          3          0          0   (incl. Padding)

    ----------------------------------------------------------------------

      Code (inc. data)   RO Data    RW Data    ZI Data      Debug   Library Member Name

       468         50          0          0          0       1368   hal_cm1.o
       176         18          0          0          0       1577   rt_event.o
       528         34          0          0         48       6981   rt_list.o
       180          4          0          0          0        601   rt_mailbox.o
       140          0          0          0          0       1629   rt_membox.o
       356         16          0          0          0       1729   rt_mutex.o
        52          6          0          0          0        469   rt_semaphore.o
       290         54          4          8          0       3626   rt_system.o
       964        156          0          8         56       6630   rt_task.o
        68         18          0          4          0       1005   rt_time.o
        64          8          0          8          0        647   rt_timer.o
         4          4          0          0          0        180   svc_table.o
        34          0          0          0          0         60   fpclassifyf.o
        36          0          0          0          0        204   funder.o
       434         18         32          0          0        168   rredf.o
       388         58          0          0          0        104   sinf.o
         0          0          0          0          0          0   entry.o
         0          0          0          0          0          0   entry10a.o
         0          0          0          0          0          0   entry11a.o
         8          4          0          0          0          0   entry2.o
         4          0          0          0          0          0   entry5.o
         0          0          0          0          0          0   entry7b.o
         0          0          0          0          0          0   entry8b.o
         8          4          0          0          0          0   entry9a.o
        12          6          0          4          0         60   errno.o
        30          0          0          0          0          0   handlers.o
        40          0          0          0          0         72   idiv.o
        36          8          0          0          0         68   init.o
         0          0          0          0          0          0   iusefp.o
        32          0          0          0          0         68   llshl.o
        38          0          0          0          0         68   llsshr.o
        34          0          0          0          0         68   llushr.o
      2242         94          0          0          0        472   printfa.o
        36         12          0          4          0        120   rand.o
        44          0          0          0          0         72   uidiv.o
        96          0          0          0          0         84   uldiv.o
        40          2          0          0          0         68   cdrcmple.o
        56          0          0          0          0         68   d2f.o
       356          4          0          0          0        140   dadd.o
       240          6          0          0          0         84   ddiv.o
       236          0          0          0          0        216   depilogue.o
        60         10          0          0          0         68   dfixui.o
        64         10          0          0          0         68   dfixul.o
        28          4          0          0          0         68   dfltui.o
       208          6          0          0          0         88   dmul.o
        40          0          0          0          0         60   f2d.o
       178          0          0          0          0        108   fadd.o
       124          0          0          0          0         72   fdiv.o
       130          0          0          0          0        144   fepilogue.o
        50          0          0          0          0         60   ffixi.o
        40          0          0          0          0         60   ffixui.o
        22          0          0          0          0         68   fflti.o
        14          0          0          0          0         68   ffltui.o
       122          0          0          0          0         72   fmul.o
        62          0          0          0          0         68   frnd.o
        24          0          0          0          0         60   fscalb.o

    ----------------------------------------------------------------------
      8944        614         36         36        104      29838   Library Totals
         8          0          0          0          0          0   (incl. Padding)

    ----------------------------------------------------------------------

      Code (inc. data)   RO Data    RW Data    ZI Data      Debug   Library Name

      3290        368          4         28        104      26442   RTX_CM1.LIB
       892         76         32          0          0        536   m_ps.l
      2660        128          0          8          0       1152   mc_p.l
      2094         42          0          0          0       1708   mf_p.l

    ----------------------------------------------------------------------
      8944        614         36         36        104      29838   Library Totals

    ----------------------------------------------------------------------

==============================================================================


      Code (inc. data)   RO Data    RW Data    ZI Data      Debug   

     16532       1268       7492        176       6624     182565   Grand Totals
     16532       1268       7492        176       6624     182565   ELF Image Totals
     16532       1268       7492        176          0          0   ROM Totals

==============================================================================

    Total RO  Size (Code + RO Data)                24024 (  23.46kB)
    Total RW  Size (RW Data + ZI Data)              6800 (   6.64kB)
    Total ROM Size (Code + RO Data + RW Data)      24200 (  23.63kB)

==============================================================================

