<html>
<body>
<pre>
<h1>µVision Build Log</h1>
<h2>Tool Versions:</h2>
IDE-Version: µVision V5.13.0.0
Copyright (C) 2014 ARM Ltd and ARM Germany GmbH. All rights reserved.
License Information: Adeesh Gopalakrishnan, Microsoft, LIC=----
 
Tool Versions:
Toolchain:       MDK-Lite  Version: 5.13.0.0
Toolchain Path:  C:\Keil_v5\ARM\ARMCC\Bin
C Compiler:      Armcc.exe V5.05 update 1 (build 106)
Assembler:       Armasm.exe V5.05 update 1 (build 106)
Linker/Locator:  ArmLink.exe V5.05 update 1 (build 106)
Library Manager: ArmAr.exe V5.05 update 1 (build 106)
Hex Converter:   FromElf.exe V5.05 update 1 (build 106)
CPU DLL:         SARMCM3.DLL V5.13.0.0
Dialog DLL:      DARMCM1.DLL V1.12.0.0
Target DLL:      CMSIS_AGDI.dll V1.20.8.0
Dialog DLL:      TARMCM1.DLL V1.9.0.0
 
<h2>Project:</h2>
C:\Users\Adeesh\Downloads\ECE 561\Project 4\561_term-end_game_project\BasicUI.uvproj
Project File Date:  04/25/2015

<h2>Output:</h2>
Rebuild target 'KL25Z Flash'
compiling system_MKL25Z4.c...
assembling startup_MKL25Z4.s...
compiling main.c...
compiling LEDs.c...
compiling timers.c...
compiling delay.c...
compiling profile.c...
compiling region.c...
compiling lucida_8x13.c...
compiling lucida_12x19.c...
compiling lucida_20x31.c...
compiling RTX_Config.c...
compiling sound.c...
compiling tasks.c...
src\tasks.c(212): warning:  #223-D: function "rand" declared implicitly
                                        coin_X_pos=(rand()) % 230;
src\tasks.c(153): warning:  #550-D: variable "d1" was set but never used
        PT_T p1, p2,c1,c2,d1;
src\tasks.c: 2 warnings, 0 errors
compiling I2C.c...
compiling DMA.c...
compiling MMA8451.c...
compiling TFT_graphics.c...
compiling TFT_lcd.c...
compiling TFT_text.c...
linking...
Program Size: Code=14888 RO-data=7492 RW-data=184 ZI-data=6624  
".\obj\BasicUI.axf" - 0 Error(s), 2 Warning(s).
</pre>
</body>
</html>
