<html>
<body>
<pre>
<h1>µVision Build Log</h1>
<h2>Tool Versions:</h2>
IDE-Version: µVision V5.13.0.0
Copyright (C) 2014 ARM Ltd and ARM Germany GmbH. All rights reserved.
License Information: Adeesh Gopalakrishnan, Microsoft, LIC=----
 
Tool Versions:
Toolchain:       MDK-Lite  Version: 5.13.0.0
Toolchain Path:  C:\Keil_v5\ARM\ARMCC\Bin
C Compiler:      Armcc.exe V5.05 update 1 (build 106)
Assembler:       Armasm.exe V5.05 update 1 (build 106)
Linker/Locator:  ArmLink.exe V5.05 update 1 (build 106)
Library Manager: ArmAr.exe V5.05 update 1 (build 106)
Hex Converter:   FromElf.exe V5.05 update 1 (build 106)
CPU DLL:         SARMCM3.DLL V5.13.0.0
Dialog DLL:      DARMCM1.DLL V1.12.0.0
Target DLL:      CMSIS_AGDI.dll V1.20.8.0
Dialog DLL:      TARMCM1.DLL V1.9.0.0
 
<h2>Project:</h2>
C:\Users\Adeesh\Downloads\ECE 561\Project 4\561_term-end_game_project\BasicUI.uvproj
Project File Date:  04/25/2015

<h2>Output:</h2>
Build target 'KL25Z Flash'
compiling tasks.c...
src\tasks.c(79): warning:  #177-D: variable "TRT_mbx_buf" was declared but never referenced
        uint16_t* TRT_mbx_buf;
src\tasks.c(128): warning:  #223-D: function "malloc" declared implicitly
        TRA_mbx_buf = (float*) malloc(sizeof(float));
src\tasks.c(229): warning:  #223-D: function "free" declared implicitly
                free(TUS_mbx_buf);
src\tasks.c(295): warning:  #223-D: function "rand" declared implicitly
                                        coin_X_pos=(rand()) % 230;
src\tasks.c(169): warning:  #177-D: variable "score" was declared but never referenced
        int16_t score=0;
src\tasks.c(170): warning:  #177-D: variable "life" was declared but never referenced
    int16_t life=3;
src\tasks.c(181): warning:  #177-D: variable "fastFlag" was declared but never referenced
        uint8_t fastFlag,speed=5;
src\tasks.c: 7 warnings, 0 errors
linking...
Program Size: Code=15888 RO-data=7592 RW-data=172 ZI-data=6652  
".\obj\BasicUI.axf" - 0 Error(s), 7 Warning(s).
</pre>
</body>
</html>
